seed=11 cond=J epoch=001 loss=5.536362 h0=0.098700 h12=0.064050
seed=11 cond=J epoch=002 loss=5.435631 h0=0.132550 h12=0.095350
seed=11 cond=J epoch=003 loss=5.289925 h0=0.156400 h12=0.109300
seed=11 cond=J epoch=004 loss=5.203352 h0=0.167350 h12=0.108850
seed=11 cond=J epoch=005 loss=5.154786 h0=0.181950 h12=0.108900
seed=11 cond=J epoch=006 loss=5.119264 h0=0.189650 h12=0.108150
seed=11 cond=J epoch=007 loss=5.098448 h0=0.194200 h12=0.107400
seed=11 cond=J epoch=008 loss=5.076920 h0=0.198050 h12=0.109050
seed=11 cond=J epoch=009 loss=5.055310 h0=0.203400 h12=0.109650
seed=11 cond=J epoch=010 loss=5.039502 h0=0.203350 h12=0.111350
seed=11 cond=J epoch=011 loss=5.029193 h0=0.206000 h12=0.111200
seed=11 cond=J epoch=012 loss=5.019165 h0=0.209000 h12=0.114100
seed=11 cond=J epoch=013 loss=5.000626 h0=0.217700 h12=0.113700
seed=11 cond=J epoch=014 loss=4.979995 h0=0.221650 h12=0.114100
seed=11 cond=J epoch=015 loss=4.961526 h0=0.228400 h12=0.114000
seed=11 cond=J epoch=016 loss=4.939561 h0=0.237700 h12=0.113200
seed=11 cond=J epoch=017 loss=4.912866 h0=0.246150 h12=0.113650
seed=11 cond=J epoch=018 loss=4.888044 h0=0.257050 h12=0.115850
seed=11 cond=J epoch=019 loss=4.858889 h0=0.267150 h12=0.114550
seed=11 cond=J epoch=020 loss=4.828532 h0=0.275550 h12=0.116000
seed=11 cond=J epoch=021 loss=4.796972 h0=0.286150 h12=0.115350
seed=11 cond=J epoch=022 loss=4.763331 h0=0.298050 h12=0.116600
seed=11 cond=J epoch=023 loss=4.728781 h0=0.306650 h12=0.116600
seed=11 cond=J epoch=024 loss=4.698368 h0=0.314500 h12=0.120300
seed=11 cond=J epoch=025 loss=4.669159 h0=0.323000 h12=0.122400
seed=11 cond=J epoch=026 loss=4.637822 h0=0.332250 h12=0.124200
seed=11 cond=J epoch=027 loss=4.602047 h0=0.338800 h12=0.128200
seed=11 cond=J epoch=028 loss=4.562452 h0=0.345750 h12=0.133350
seed=11 cond=J epoch=029 loss=4.521990 h0=0.352150 h12=0.140750
seed=11 cond=J epoch=030 loss=4.487004 h0=0.360200 h12=0.141950
seed=11 cond=J epoch=031 loss=4.455836 h0=0.368500 h12=0.142900
seed=11 cond=J epoch=032 loss=4.426980 h0=0.375750 h12=0.146150
seed=11 cond=J epoch=033 loss=4.398982 h0=0.381900 h12=0.146550
seed=11 cond=J epoch=034 loss=4.369525 h0=0.388200 h12=0.151750
seed=11 cond=J epoch=035 loss=4.340609 h0=0.395700 h12=0.152050
seed=11 cond=J epoch=036 loss=4.309887 h0=0.403550 h12=0.157400
seed=11 cond=J epoch=037 loss=4.276254 h0=0.410200 h12=0.161450
seed=11 cond=J epoch=038 loss=4.244231 h0=0.418400 h12=0.159700
seed=11 cond=J epoch=039 loss=4.215859 h0=0.422750 h12=0.164350
seed=11 cond=J epoch=040 loss=4.190938 h0=0.428700 h12=0.167300
seed=11 cond=J epoch=041 loss=4.169418 h0=0.432400 h12=0.168250
seed=11 cond=J epoch=042 loss=4.149711 h0=0.435600 h12=0.169800
seed=11 cond=J epoch=043 loss=4.132902 h0=0.437650 h12=0.173400
seed=11 cond=J epoch=044 loss=4.116743 h0=0.440750 h12=0.174500
seed=11 cond=J epoch=045 loss=4.102076 h0=0.442650 h12=0.176750
seed=11 cond=J epoch=046 loss=4.088103 h0=0.446800 h12=0.178400
seed=11 cond=J epoch=047 loss=4.074926 h0=0.448000 h12=0.177850
seed=11 cond=J epoch=048 loss=4.062457 h0=0.450050 h12=0.179850
seed=11 cond=J epoch=049 loss=4.049985 h0=0.455050 h12=0.179900
seed=11 cond=J epoch=050 loss=4.038429 h0=0.456600 h12=0.179950
seed=11 cond=J epoch=051 loss=4.027193 h0=0.458900 h12=0.183500
seed=11 cond=J epoch=052 loss=4.016067 h0=0.461750 h12=0.184100
seed=11 cond=J epoch=053 loss=4.005818 h0=0.465000 h12=0.185400
seed=11 cond=J epoch=054 loss=3.996087 h0=0.467150 h12=0.186700
seed=11 cond=J epoch=055 loss=3.985081 h0=0.469400 h12=0.184650
seed=11 cond=J epoch=056 loss=3.975026 h0=0.471000 h12=0.185750
seed=11 cond=J epoch=057 loss=3.965027 h0=0.475700 h12=0.187200
seed=11 cond=J epoch=058 loss=3.954699 h0=0.478450 h12=0.185450
seed=11 cond=J epoch=059 loss=3.946304 h0=0.481850 h12=0.186200
seed=11 cond=J epoch=060 loss=3.935395 h0=0.484500 h12=0.187850
seed=11 cond=J epoch=061 loss=3.925921 h0=0.487750 h12=0.186100
seed=11 cond=J epoch=062 loss=3.916257 h0=0.491650 h12=0.186750
seed=11 cond=J epoch=063 loss=3.906666 h0=0.493600 h12=0.188150
seed=11 cond=J epoch=064 loss=3.897963 h0=0.498800 h12=0.188250
seed=11 cond=J epoch=065 loss=3.887640 h0=0.500850 h12=0.187200
seed=11 cond=J epoch=066 loss=3.877369 h0=0.505050 h12=0.187300
seed=11 cond=J epoch=067 loss=3.868066 h0=0.508500 h12=0.186550
seed=11 cond=J epoch=068 loss=3.858233 h0=0.510200 h12=0.187200
seed=11 cond=J epoch=069 loss=3.848520 h0=0.513550 h12=0.188100
seed=11 cond=J epoch=070 loss=3.839063 h0=0.519950 h12=0.187600
seed=11 cond=J epoch=071 loss=3.828138 h0=0.520400 h12=0.187950
seed=11 cond=J epoch=072 loss=3.817928 h0=0.523800 h12=0.189600
seed=11 cond=J epoch=073 loss=3.808597 h0=0.530150 h12=0.188850
seed=11 cond=J epoch=074 loss=3.797500 h0=0.532750 h12=0.189350
seed=11 cond=J epoch=075 loss=3.787936 h0=0.535300 h12=0.189900
seed=11 cond=J epoch=076 loss=3.777456 h0=0.539800 h12=0.191500
seed=11 cond=J epoch=077 loss=3.766128 h0=0.541300 h12=0.191700
seed=11 cond=J epoch=078 loss=3.755885 h0=0.548050 h12=0.190150
seed=11 cond=J epoch=079 loss=3.745274 h0=0.551050 h12=0.191050
seed=11 cond=J epoch=080 loss=3.734575 h0=0.555850 h12=0.192000
seed=11 cond=J epoch=081 loss=3.723981 h0=0.558150 h12=0.191250
seed=11 cond=J epoch=082 loss=3.713263 h0=0.560350 h12=0.192400
seed=11 cond=J epoch=083 loss=3.702574 h0=0.564600 h12=0.191600
seed=11 cond=J epoch=084 loss=3.691709 h0=0.568000 h12=0.192250
seed=11 cond=J epoch=085 loss=3.681358 h0=0.572950 h12=0.190300
seed=11 cond=J epoch=086 loss=3.671110 h0=0.576900 h12=0.190600
seed=11 cond=J epoch=087 loss=3.660320 h0=0.580150 h12=0.191700
seed=11 cond=J epoch=088 loss=3.650369 h0=0.584450 h12=0.191300
seed=11 cond=J epoch=089 loss=3.639488 h0=0.588200 h12=0.191350
seed=11 cond=J epoch=090 loss=3.630009 h0=0.591450 h12=0.194950
seed=11 cond=J epoch=091 loss=3.619518 h0=0.593900 h12=0.196250
seed=11 cond=J epoch=092 loss=3.609769 h0=0.596000 h12=0.193050
seed=11 cond=J epoch=093 loss=3.600251 h0=0.600050 h12=0.195850
seed=11 cond=J epoch=094 loss=3.590926 h0=0.603700 h12=0.197250
seed=11 cond=J epoch=095 loss=3.581664 h0=0.606950 h12=0.195750
seed=11 cond=J epoch=096 loss=3.572761 h0=0.609750 h12=0.196150
seed=11 cond=J epoch=097 loss=3.562802 h0=0.612800 h12=0.200800
seed=11 cond=J epoch=098 loss=3.553742 h0=0.615500 h12=0.200300
seed=11 cond=J epoch=099 loss=3.545828 h0=0.618050 h12=0.199050
seed=11 cond=J epoch=100 loss=3.536057 h0=0.619600 h12=0.199700
seed=11 cond=H0 epoch=001 loss=2.763707 h0=0.098650 h12=0.059350
seed=11 cond=H0 epoch=002 loss=2.670271 h0=0.133100 h12=0.061400
seed=11 cond=H0 epoch=003 loss=2.595122 h0=0.156100 h12=0.059850
seed=11 cond=H0 epoch=004 loss=2.542775 h0=0.171050 h12=0.059650
seed=11 cond=H0 epoch=005 loss=2.495136 h0=0.183100 h12=0.060400
seed=11 cond=H0 epoch=006 loss=2.465283 h0=0.187050 h12=0.061000
seed=11 cond=H0 epoch=007 loss=2.447967 h0=0.194450 h12=0.062900
seed=11 cond=H0 epoch=008 loss=2.425711 h0=0.201250 h12=0.062450
seed=11 cond=H0 epoch=009 loss=2.404044 h0=0.204150 h12=0.062900
seed=11 cond=H0 epoch=010 loss=2.388097 h0=0.206600 h12=0.061450
seed=11 cond=H0 epoch=011 loss=2.368532 h0=0.215800 h12=0.060350
seed=11 cond=H0 epoch=012 loss=2.345876 h0=0.221600 h12=0.060950
seed=11 cond=H0 epoch=013 loss=2.327351 h0=0.225450 h12=0.060700
seed=11 cond=H0 epoch=014 loss=2.304463 h0=0.234250 h12=0.060200
seed=11 cond=H0 epoch=015 loss=2.275161 h0=0.245300 h12=0.058400
seed=11 cond=H0 epoch=016 loss=2.242875 h0=0.257650 h12=0.059600
seed=11 cond=H0 epoch=017 loss=2.208490 h0=0.265050 h12=0.059300
seed=11 cond=H0 epoch=018 loss=2.177257 h0=0.273850 h12=0.058950
seed=11 cond=H0 epoch=019 loss=2.150132 h0=0.280350 h12=0.058750
seed=11 cond=H0 epoch=020 loss=2.126314 h0=0.288300 h12=0.059350
seed=11 cond=H0 epoch=021 loss=2.101499 h0=0.295600 h12=0.060300
seed=11 cond=H0 epoch=022 loss=2.070874 h0=0.304300 h12=0.061350
seed=11 cond=H0 epoch=023 loss=2.038690 h0=0.316850 h12=0.061950
seed=11 cond=H0 epoch=024 loss=2.003961 h0=0.328800 h12=0.062550
seed=11 cond=H0 epoch=025 loss=1.969253 h0=0.339800 h12=0.062550
seed=11 cond=H0 epoch=026 loss=1.936954 h0=0.349800 h12=0.061800
seed=11 cond=H0 epoch=027 loss=1.908512 h0=0.357400 h12=0.061450
seed=11 cond=H0 epoch=028 loss=1.883358 h0=0.366550 h12=0.062200
seed=11 cond=H0 epoch=029 loss=1.860303 h0=0.374000 h12=0.062650
seed=11 cond=H0 epoch=030 loss=1.837696 h0=0.380700 h12=0.062550
seed=11 cond=H0 epoch=031 loss=1.816103 h0=0.384900 h12=0.061850
seed=11 cond=H0 epoch=032 loss=1.797245 h0=0.390350 h12=0.061100
seed=11 cond=H0 epoch=033 loss=1.779831 h0=0.396800 h12=0.060600
seed=11 cond=H0 epoch=034 loss=1.762097 h0=0.401700 h12=0.060750
seed=11 cond=H0 epoch=035 loss=1.743314 h0=0.406800 h12=0.059950
seed=11 cond=H0 epoch=036 loss=1.725103 h0=0.412750 h12=0.061050
seed=11 cond=H0 epoch=037 loss=1.708939 h0=0.417050 h12=0.060500
seed=11 cond=H0 epoch=038 loss=1.694671 h0=0.421300 h12=0.060950
seed=11 cond=H0 epoch=039 loss=1.682213 h0=0.422650 h12=0.060150
seed=11 cond=H0 epoch=040 loss=1.670903 h0=0.427100 h12=0.060200
seed=11 cond=H0 epoch=041 loss=1.660477 h0=0.431300 h12=0.060450
seed=11 cond=H0 epoch=042 loss=1.650650 h0=0.435950 h12=0.059850
seed=11 cond=H0 epoch=043 loss=1.641304 h0=0.438250 h12=0.059750
seed=11 cond=H0 epoch=044 loss=1.632199 h0=0.441200 h12=0.059800
seed=11 cond=H0 epoch=045 loss=1.623519 h0=0.443900 h12=0.059500
seed=11 cond=H0 epoch=046 loss=1.614989 h0=0.447100 h12=0.059150
seed=11 cond=H0 epoch=047 loss=1.606940 h0=0.449550 h12=0.059550
seed=11 cond=H0 epoch=048 loss=1.598962 h0=0.452300 h12=0.059150
seed=11 cond=H0 epoch=049 loss=1.590853 h0=0.454450 h12=0.057950
seed=11 cond=H0 epoch=050 loss=1.582828 h0=0.457000 h12=0.058600
seed=11 cond=H0 epoch=051 loss=1.575030 h0=0.460100 h12=0.058500
seed=11 cond=H0 epoch=052 loss=1.567171 h0=0.461750 h12=0.058500
seed=11 cond=H0 epoch=053 loss=1.559362 h0=0.464850 h12=0.058100
seed=11 cond=H0 epoch=054 loss=1.551493 h0=0.466400 h12=0.058450
seed=11 cond=H0 epoch=055 loss=1.543798 h0=0.469050 h12=0.058550
seed=11 cond=H0 epoch=056 loss=1.536114 h0=0.472150 h12=0.057900
seed=11 cond=H0 epoch=057 loss=1.528423 h0=0.475300 h12=0.058950
seed=11 cond=H0 epoch=058 loss=1.520315 h0=0.477950 h12=0.058000
seed=11 cond=H0 epoch=059 loss=1.512347 h0=0.482200 h12=0.057700
seed=11 cond=H0 epoch=060 loss=1.504545 h0=0.484300 h12=0.058000
seed=11 cond=H0 epoch=061 loss=1.496476 h0=0.487100 h12=0.057850
seed=11 cond=H0 epoch=062 loss=1.488608 h0=0.490150 h12=0.059000
seed=11 cond=H0 epoch=063 loss=1.480491 h0=0.494050 h12=0.058900
seed=11 cond=H0 epoch=064 loss=1.472218 h0=0.497200 h12=0.058750
seed=11 cond=H0 epoch=065 loss=1.464072 h0=0.501350 h12=0.059350
seed=11 cond=H0 epoch=066 loss=1.455696 h0=0.502850 h12=0.059800
seed=11 cond=H0 epoch=067 loss=1.447448 h0=0.505800 h12=0.059250
seed=11 cond=H0 epoch=068 loss=1.439230 h0=0.510100 h12=0.058900
seed=11 cond=H0 epoch=069 loss=1.430609 h0=0.513850 h12=0.058900
seed=11 cond=H0 epoch=070 loss=1.422503 h0=0.516450 h12=0.059300
seed=11 cond=H0 epoch=071 loss=1.413951 h0=0.518850 h12=0.059050
seed=11 cond=H0 epoch=072 loss=1.405452 h0=0.523200 h12=0.058950
seed=11 cond=H0 epoch=073 loss=1.397026 h0=0.525350 h12=0.058700
seed=11 cond=H0 epoch=074 loss=1.388495 h0=0.528000 h12=0.058750
seed=11 cond=H0 epoch=075 loss=1.379982 h0=0.529500 h12=0.058550
seed=11 cond=H0 epoch=076 loss=1.371416 h0=0.533700 h12=0.058500
seed=11 cond=H0 epoch=077 loss=1.363070 h0=0.536950 h12=0.057600
seed=11 cond=H0 epoch=078 loss=1.354556 h0=0.539000 h12=0.058100
seed=11 cond=H0 epoch=079 loss=1.345951 h0=0.542250 h12=0.057700
seed=11 cond=H0 epoch=080 loss=1.337349 h0=0.544300 h12=0.057100
seed=11 cond=H0 epoch=081 loss=1.328930 h0=0.548250 h12=0.057250
seed=11 cond=H0 epoch=082 loss=1.320428 h0=0.551850 h12=0.057450
seed=11 cond=H0 epoch=083 loss=1.311696 h0=0.556300 h12=0.058000
seed=11 cond=H0 epoch=084 loss=1.303314 h0=0.559600 h12=0.057350
seed=11 cond=H0 epoch=085 loss=1.294716 h0=0.563600 h12=0.057400
seed=11 cond=H0 epoch=086 loss=1.286227 h0=0.566350 h12=0.057450
seed=11 cond=H0 epoch=087 loss=1.277683 h0=0.571500 h12=0.057700
seed=11 cond=H0 epoch=088 loss=1.269197 h0=0.575400 h12=0.058050
seed=11 cond=H0 epoch=089 loss=1.260784 h0=0.580000 h12=0.057400
seed=11 cond=H0 epoch=090 loss=1.252418 h0=0.584250 h12=0.058000
seed=11 cond=H0 epoch=091 loss=1.244055 h0=0.589150 h12=0.058350
seed=11 cond=H0 epoch=092 loss=1.235813 h0=0.592300 h12=0.058100
seed=11 cond=H0 epoch=093 loss=1.227459 h0=0.596250 h12=0.057350
seed=11 cond=H0 epoch=094 loss=1.219408 h0=0.599550 h12=0.058100
seed=11 cond=H0 epoch=095 loss=1.211215 h0=0.605000 h12=0.057450
seed=11 cond=H0 epoch=096 loss=1.203102 h0=0.609350 h12=0.057650
seed=11 cond=H0 epoch=097 loss=1.195052 h0=0.614400 h12=0.057650
seed=11 cond=H0 epoch=098 loss=1.187110 h0=0.619300 h12=0.057700
seed=11 cond=H0 epoch=099 loss=1.179494 h0=0.622500 h12=0.058000
seed=11 cond=H0 epoch=100 loss=1.171639 h0=0.626300 h12=0.058100
seed=11 cond=HT epoch=001 loss=2.771864 h0=0.066200 h12=0.074950
seed=11 cond=HT epoch=002 loss=2.722203 h0=0.064050 h12=0.106550
seed=11 cond=HT epoch=003 loss=2.660501 h0=0.062550 h12=0.111150
seed=11 cond=HT epoch=004 loss=2.646292 h0=0.060800 h12=0.111500
seed=11 cond=HT epoch=005 loss=2.642730 h0=0.059500 h12=0.111100
seed=11 cond=HT epoch=006 loss=2.641153 h0=0.060300 h12=0.111800
seed=11 cond=HT epoch=007 loss=2.640101 h0=0.061700 h12=0.110700
seed=11 cond=HT epoch=008 loss=2.639385 h0=0.061650 h12=0.111400
seed=11 cond=HT epoch=009 loss=2.638734 h0=0.061200 h12=0.112500
seed=11 cond=HT epoch=010 loss=2.638143 h0=0.062200 h12=0.113050
seed=11 cond=HT epoch=011 loss=2.637758 h0=0.062200 h12=0.111850
seed=11 cond=HT epoch=012 loss=2.637268 h0=0.062400 h12=0.112850
seed=11 cond=HT epoch=013 loss=2.636761 h0=0.063400 h12=0.111450
seed=11 cond=HT epoch=014 loss=2.636301 h0=0.063950 h12=0.111900
seed=11 cond=HT epoch=015 loss=2.635557 h0=0.063500 h12=0.110500
seed=11 cond=HT epoch=016 loss=2.634853 h0=0.064000 h12=0.113600
seed=11 cond=HT epoch=017 loss=2.633924 h0=0.064700 h12=0.113100
seed=11 cond=HT epoch=018 loss=2.632913 h0=0.064350 h12=0.111600
seed=11 cond=HT epoch=019 loss=2.631382 h0=0.065100 h12=0.110400
seed=11 cond=HT epoch=020 loss=2.629530 h0=0.064000 h12=0.109250
seed=11 cond=HT epoch=021 loss=2.626403 h0=0.062800 h12=0.109150
seed=11 cond=HT epoch=022 loss=2.622332 h0=0.062650 h12=0.108750
seed=11 cond=HT epoch=023 loss=2.616047 h0=0.062000 h12=0.109050
seed=11 cond=HT epoch=024 loss=2.607565 h0=0.061350 h12=0.109800
seed=11 cond=HT epoch=025 loss=2.594801 h0=0.061550 h12=0.120700
seed=11 cond=HT epoch=026 loss=2.577196 h0=0.061700 h12=0.127700
seed=11 cond=HT epoch=027 loss=2.556878 h0=0.061600 h12=0.140000
seed=11 cond=HT epoch=028 loss=2.536971 h0=0.060850 h12=0.146750
seed=11 cond=HT epoch=029 loss=2.518827 h0=0.061350 h12=0.158750
seed=11 cond=HT epoch=030 loss=2.503467 h0=0.061550 h12=0.165250
seed=11 cond=HT epoch=031 loss=2.490076 h0=0.061750 h12=0.164150
seed=11 cond=HT epoch=032 loss=2.478897 h0=0.062300 h12=0.168100
seed=11 cond=HT epoch=033 loss=2.470279 h0=0.062050 h12=0.174150
seed=11 cond=HT epoch=034 loss=2.461258 h0=0.062750 h12=0.175100
seed=11 cond=HT epoch=035 loss=2.455661 h0=0.062250 h12=0.178650
seed=11 cond=HT epoch=036 loss=2.445805 h0=0.062150 h12=0.182200
seed=11 cond=HT epoch=037 loss=2.437048 h0=0.063250 h12=0.184700
seed=11 cond=HT epoch=038 loss=2.427348 h0=0.062900 h12=0.191450
seed=11 cond=HT epoch=039 loss=2.418021 h0=0.062200 h12=0.196400
seed=11 cond=HT epoch=040 loss=2.410764 h0=0.062000 h12=0.196300
seed=11 cond=HT epoch=041 loss=2.402162 h0=0.062750 h12=0.198300
seed=11 cond=HT epoch=042 loss=2.391694 h0=0.062900 h12=0.198000
seed=11 cond=HT epoch=043 loss=2.383096 h0=0.062350 h12=0.200450
seed=11 cond=HT epoch=044 loss=2.374431 h0=0.063000 h12=0.210250
seed=11 cond=HT epoch=045 loss=2.368131 h0=0.062100 h12=0.211650
seed=11 cond=HT epoch=046 loss=2.361206 h0=0.062400 h12=0.211900
seed=11 cond=HT epoch=047 loss=2.356275 h0=0.062100 h12=0.217600
seed=11 cond=HT epoch=048 loss=2.350009 h0=0.062350 h12=0.216750
seed=11 cond=HT epoch=049 loss=2.344121 h0=0.061850 h12=0.222250
seed=11 cond=HT epoch=050 loss=2.339476 h0=0.061950 h12=0.226050
seed=11 cond=HT epoch=051 loss=2.333007 h0=0.062450 h12=0.216500
seed=11 cond=HT epoch=052 loss=2.328707 h0=0.062600 h12=0.226900
seed=11 cond=HT epoch=053 loss=2.323350 h0=0.063050 h12=0.227400
seed=11 cond=HT epoch=054 loss=2.319469 h0=0.062400 h12=0.228050
seed=11 cond=HT epoch=055 loss=2.315582 h0=0.062950 h12=0.228100
seed=11 cond=HT epoch=056 loss=2.311434 h0=0.062450 h12=0.232500
seed=11 cond=HT epoch=057 loss=2.306636 h0=0.062500 h12=0.224200
seed=11 cond=HT epoch=058 loss=2.304506 h0=0.062850 h12=0.237400
seed=11 cond=HT epoch=059 loss=2.298125 h0=0.063500 h12=0.239850
seed=11 cond=HT epoch=060 loss=2.292766 h0=0.063400 h12=0.242350
seed=11 cond=HT epoch=061 loss=2.288290 h0=0.063300 h12=0.235600
seed=11 cond=HT epoch=062 loss=2.285430 h0=0.063600 h12=0.243450
seed=11 cond=HT epoch=063 loss=2.280855 h0=0.063450 h12=0.246500
seed=11 cond=HT epoch=064 loss=2.276925 h0=0.063250 h12=0.246300
seed=11 cond=HT epoch=065 loss=2.273836 h0=0.063200 h12=0.248500
seed=11 cond=HT epoch=066 loss=2.271084 h0=0.063100 h12=0.250100
seed=11 cond=HT epoch=067 loss=2.269325 h0=0.063800 h12=0.251550
seed=11 cond=HT epoch=068 loss=2.265953 h0=0.063250 h12=0.249250
seed=11 cond=HT epoch=069 loss=2.264417 h0=0.063800 h12=0.247650
seed=11 cond=HT epoch=070 loss=2.262244 h0=0.064200 h12=0.249900
seed=11 cond=HT epoch=071 loss=2.259061 h0=0.063500 h12=0.255250
seed=11 cond=HT epoch=072 loss=2.256523 h0=0.063900 h12=0.256200
seed=11 cond=HT epoch=073 loss=2.254192 h0=0.063050 h12=0.247400
seed=11 cond=HT epoch=074 loss=2.252157 h0=0.063400 h12=0.256550
seed=11 cond=HT epoch=075 loss=2.249822 h0=0.063450 h12=0.253550
seed=11 cond=HT epoch=076 loss=2.249974 h0=0.063400 h12=0.245800
seed=11 cond=HT epoch=077 loss=2.245172 h0=0.063300 h12=0.256200
seed=11 cond=HT epoch=078 loss=2.243180 h0=0.062850 h12=0.255400
seed=11 cond=HT epoch=079 loss=2.240879 h0=0.062750 h12=0.255600
seed=11 cond=HT epoch=080 loss=2.240270 h0=0.063550 h12=0.252650
seed=11 cond=HT epoch=081 loss=2.238204 h0=0.062750 h12=0.246250
seed=11 cond=HT epoch=082 loss=2.235488 h0=0.063350 h12=0.258700
seed=11 cond=HT epoch=083 loss=2.233484 h0=0.063300 h12=0.261050
seed=11 cond=HT epoch=084 loss=2.231249 h0=0.063350 h12=0.258450
seed=11 cond=HT epoch=085 loss=2.229803 h0=0.063550 h12=0.264650
seed=11 cond=HT epoch=086 loss=2.227627 h0=0.064700 h12=0.259000
seed=11 cond=HT epoch=087 loss=2.226726 h0=0.064650 h12=0.244100
seed=11 cond=HT epoch=088 loss=2.225007 h0=0.064100 h12=0.263450
seed=11 cond=HT epoch=089 loss=2.223528 h0=0.063950 h12=0.260150
seed=11 cond=HT epoch=090 loss=2.220846 h0=0.064200 h12=0.260800
seed=11 cond=HT epoch=091 loss=2.220876 h0=0.064400 h12=0.260300
seed=11 cond=HT epoch=092 loss=2.217148 h0=0.064250 h12=0.262800
seed=11 cond=HT epoch=093 loss=2.216734 h0=0.064650 h12=0.266150
seed=11 cond=HT epoch=094 loss=2.214382 h0=0.064000 h12=0.265450
seed=11 cond=HT epoch=095 loss=2.212279 h0=0.064350 h12=0.266050
seed=11 cond=HT epoch=096 loss=2.211249 h0=0.064200 h12=0.256950
seed=11 cond=HT epoch=097 loss=2.209579 h0=0.064000 h12=0.269550
seed=11 cond=HT epoch=098 loss=2.207041 h0=0.064800 h12=0.268050
seed=11 cond=HT epoch=099 loss=2.207480 h0=0.064600 h12=0.270200
seed=11 cond=HT epoch=100 loss=2.206391 h0=0.064900 h12=0.272450
seed=11 cond=FF epoch=001 loss=5.536312 h0=0.098650 h12=0.061000
seed=11 cond=FF epoch=002 loss=5.442710 h0=0.133100 h12=0.061950
seed=11 cond=FF epoch=003 loss=5.367455 h0=0.156250 h12=0.064500
seed=11 cond=FF epoch=004 loss=5.315048 h0=0.170850 h12=0.064500
seed=11 cond=FF epoch=005 loss=5.267398 h0=0.183150 h12=0.063350
seed=11 cond=FF epoch=006 loss=5.237511 h0=0.186950 h12=0.062550
seed=11 cond=FF epoch=007 loss=5.220182 h0=0.194450 h12=0.062550
seed=11 cond=FF epoch=008 loss=5.197892 h0=0.201150 h12=0.063700
seed=11 cond=FF epoch=009 loss=5.176224 h0=0.204150 h12=0.063700
seed=11 cond=FF epoch=010 loss=5.160254 h0=0.206450 h12=0.064950
seed=11 cond=FF epoch=011 loss=5.140697 h0=0.215400 h12=0.062650
seed=11 cond=FF epoch=012 loss=5.118034 h0=0.221550 h12=0.068300
seed=11 cond=FF epoch=013 loss=5.099480 h0=0.225500 h12=0.066200
seed=11 cond=FF epoch=014 loss=5.076596 h0=0.234250 h12=0.063350
seed=11 cond=FF epoch=015 loss=5.047266 h0=0.245100 h12=0.064250
seed=11 cond=FF epoch=016 loss=5.014932 h0=0.257700 h12=0.064150
seed=11 cond=FF epoch=017 loss=4.980582 h0=0.265200 h12=0.065050
seed=11 cond=FF epoch=018 loss=4.949397 h0=0.273700 h12=0.063350
seed=11 cond=FF epoch=019 loss=4.922274 h0=0.280350 h12=0.064350
seed=11 cond=FF epoch=020 loss=4.898475 h0=0.287900 h12=0.063500
seed=11 cond=FF epoch=021 loss=4.873754 h0=0.295200 h12=0.062550
seed=11 cond=FF epoch=022 loss=4.843101 h0=0.304150 h12=0.064250
seed=11 cond=FF epoch=023 loss=4.810692 h0=0.317150 h12=0.066600
seed=11 cond=FF epoch=024 loss=4.775871 h0=0.329000 h12=0.065400
seed=11 cond=FF epoch=025 loss=4.741163 h0=0.340400 h12=0.065900
seed=11 cond=FF epoch=026 loss=4.708880 h0=0.349950 h12=0.068500
seed=11 cond=FF epoch=027 loss=4.680435 h0=0.357500 h12=0.068700
seed=11 cond=FF epoch=028 loss=4.655252 h0=0.366600 h12=0.065050
seed=11 cond=FF epoch=029 loss=4.632151 h0=0.373600 h12=0.066700
seed=11 cond=FF epoch=030 loss=4.609507 h0=0.380900 h12=0.066750
seed=11 cond=FF epoch=031 loss=4.587902 h0=0.385150 h12=0.066150
seed=11 cond=FF epoch=032 loss=4.569031 h0=0.390700 h12=0.066500
seed=11 cond=FF epoch=033 loss=4.551587 h0=0.396600 h12=0.066050
seed=11 cond=FF epoch=034 loss=4.533784 h0=0.401050 h12=0.065700
seed=11 cond=FF epoch=035 loss=4.514967 h0=0.406900 h12=0.068500
seed=11 cond=FF epoch=036 loss=4.496762 h0=0.412200 h12=0.065450
seed=11 cond=FF epoch=037 loss=4.480634 h0=0.417350 h12=0.067650
seed=11 cond=FF epoch=038 loss=4.466396 h0=0.421500 h12=0.065550
seed=11 cond=FF epoch=039 loss=4.453961 h0=0.423000 h12=0.066650
seed=11 cond=FF epoch=040 loss=4.442663 h0=0.426300 h12=0.067650
seed=11 cond=FF epoch=041 loss=4.432241 h0=0.430800 h12=0.068950
seed=11 cond=FF epoch=042 loss=4.422402 h0=0.436100 h12=0.065150
seed=11 cond=FF epoch=043 loss=4.413059 h0=0.437800 h12=0.064800
seed=11 cond=FF epoch=044 loss=4.403951 h0=0.440650 h12=0.068050
seed=11 cond=FF epoch=045 loss=4.395274 h0=0.444000 h12=0.067950
seed=11 cond=FF epoch=046 loss=4.386733 h0=0.447200 h12=0.067700
seed=11 cond=FF epoch=047 loss=4.378692 h0=0.449400 h12=0.066350
seed=11 cond=FF epoch=048 loss=4.370713 h0=0.452250 h12=0.067500
seed=11 cond=FF epoch=049 loss=4.362597 h0=0.454250 h12=0.069000
seed=11 cond=FF epoch=050 loss=4.354563 h0=0.456350 h12=0.068950
seed=11 cond=FF epoch=051 loss=4.346766 h0=0.460350 h12=0.072350
seed=11 cond=FF epoch=052 loss=4.338908 h0=0.461250 h12=0.068200
seed=11 cond=FF epoch=053 loss=4.331096 h0=0.464700 h12=0.069700
seed=11 cond=FF epoch=054 loss=4.323228 h0=0.466900 h12=0.067700
seed=11 cond=FF epoch=055 loss=4.315521 h0=0.469500 h12=0.068350
seed=11 cond=FF epoch=056 loss=4.307848 h0=0.472250 h12=0.067350
seed=11 cond=FF epoch=057 loss=4.300160 h0=0.475250 h12=0.068050
seed=11 cond=FF epoch=058 loss=4.292052 h0=0.477350 h12=0.067400
seed=11 cond=FF epoch=059 loss=4.284078 h0=0.482450 h12=0.066700
seed=11 cond=FF epoch=060 loss=4.276281 h0=0.483850 h12=0.068700
seed=11 cond=FF epoch=061 loss=4.268204 h0=0.487100 h12=0.066350
seed=11 cond=FF epoch=062 loss=4.260329 h0=0.490650 h12=0.069300
seed=11 cond=FF epoch=063 loss=4.252218 h0=0.494200 h12=0.068700
seed=11 cond=FF epoch=064 loss=4.243935 h0=0.497500 h12=0.071100
seed=11 cond=FF epoch=065 loss=4.235790 h0=0.500550 h12=0.070450
seed=11 cond=FF epoch=066 loss=4.227413 h0=0.503450 h12=0.067150
seed=11 cond=FF epoch=067 loss=4.219141 h0=0.506250 h12=0.068500
seed=11 cond=FF epoch=068 loss=4.210924 h0=0.509900 h12=0.065300
seed=11 cond=FF epoch=069 loss=4.202285 h0=0.513150 h12=0.065750
seed=11 cond=FF epoch=070 loss=4.194175 h0=0.516350 h12=0.067300
seed=11 cond=FF epoch=071 loss=4.185609 h0=0.518850 h12=0.066250
seed=11 cond=FF epoch=072 loss=4.177096 h0=0.522800 h12=0.066550
seed=11 cond=FF epoch=073 loss=4.168649 h0=0.525250 h12=0.069400
seed=11 cond=FF epoch=074 loss=4.160098 h0=0.527300 h12=0.072750
seed=11 cond=FF epoch=075 loss=4.151574 h0=0.529800 h12=0.070650
seed=11 cond=FF epoch=076 loss=4.142985 h0=0.533350 h12=0.067400
seed=11 cond=FF epoch=077 loss=4.134616 h0=0.536750 h12=0.068800
seed=11 cond=FF epoch=078 loss=4.126079 h0=0.539100 h12=0.069800
seed=11 cond=FF epoch=079 loss=4.117444 h0=0.541400 h12=0.071050
seed=11 cond=FF epoch=080 loss=4.108823 h0=0.544600 h12=0.069750
seed=11 cond=FF epoch=081 loss=4.100384 h0=0.548000 h12=0.068700
seed=11 cond=FF epoch=082 loss=4.091856 h0=0.551150 h12=0.067900
seed=11 cond=FF epoch=083 loss=4.083096 h0=0.555050 h12=0.069900
seed=11 cond=FF epoch=084 loss=4.074692 h0=0.559000 h12=0.068600
seed=11 cond=FF epoch=085 loss=4.066069 h0=0.563550 h12=0.070200
seed=11 cond=FF epoch=086 loss=4.057554 h0=0.565450 h12=0.069900
seed=11 cond=FF epoch=087 loss=4.048990 h0=0.570550 h12=0.068650
seed=11 cond=FF epoch=088 loss=4.040484 h0=0.574550 h12=0.072200
seed=11 cond=FF epoch=089 loss=4.032037 h0=0.578800 h12=0.070500
seed=11 cond=FF epoch=090 loss=4.023641 h0=0.583350 h12=0.070950
seed=11 cond=FF epoch=091 loss=4.015257 h0=0.588700 h12=0.070400
seed=11 cond=FF epoch=092 loss=4.007000 h0=0.592400 h12=0.070150
seed=11 cond=FF epoch=093 loss=3.998625 h0=0.596150 h12=0.070800
seed=11 cond=FF epoch=094 loss=3.990549 h0=0.600400 h12=0.070050
seed=11 cond=FF epoch=095 loss=3.982341 h0=0.605000 h12=0.070950
seed=11 cond=FF epoch=096 loss=3.974206 h0=0.609350 h12=0.070250
seed=11 cond=FF epoch=097 loss=3.966136 h0=0.613250 h12=0.069450
seed=11 cond=FF epoch=098 loss=3.958185 h0=0.618600 h12=0.068650
seed=11 cond=FF epoch=099 loss=3.950547 h0=0.621200 h12=0.069000
seed=11 cond=FF epoch=100 loss=3.942669 h0=0.624800 h12=0.070900
seed=11 cond=EF epoch=001 loss=5.544967 h0=0.068150 h12=0.064050
seed=11 cond=EF epoch=002 loss=5.543947 h0=0.072550 h12=0.064250
seed=11 cond=EF epoch=003 loss=5.543092 h0=0.077950 h12=0.065750
seed=11 cond=EF epoch=004 loss=5.542315 h0=0.079850 h12=0.064900
seed=11 cond=EF epoch=005 loss=5.541591 h0=0.081150 h12=0.062450
seed=11 cond=EF epoch=006 loss=5.540879 h0=0.086200 h12=0.063100
seed=11 cond=EF epoch=007 loss=5.540193 h0=0.087950 h12=0.063700
seed=11 cond=EF epoch=008 loss=5.538747 h0=0.091000 h12=0.070800
seed=11 cond=EF epoch=009 loss=5.512826 h0=0.093400 h12=0.100650
seed=11 cond=EF epoch=010 loss=5.487118 h0=0.097350 h12=0.107250
seed=11 cond=EF epoch=011 loss=5.480603 h0=0.098950 h12=0.111100
seed=11 cond=EF epoch=012 loss=5.475995 h0=0.101050 h12=0.109950
seed=11 cond=EF epoch=013 loss=5.473318 h0=0.099350 h12=0.112300
seed=11 cond=EF epoch=014 loss=5.470554 h0=0.102300 h12=0.112600
seed=11 cond=EF epoch=015 loss=5.469264 h0=0.103800 h12=0.111500
seed=11 cond=EF epoch=016 loss=5.465791 h0=0.108100 h12=0.111400
seed=11 cond=EF epoch=017 loss=5.465247 h0=0.108750 h12=0.112000
seed=11 cond=EF epoch=018 loss=5.463309 h0=0.111250 h12=0.112300
seed=11 cond=EF epoch=019 loss=5.464158 h0=0.114050 h12=0.112450
seed=11 cond=EF epoch=020 loss=5.462042 h0=0.115050 h12=0.111350
seed=11 cond=EF epoch=021 loss=5.460210 h0=0.116300 h12=0.112250
seed=11 cond=EF epoch=022 loss=5.459195 h0=0.117150 h12=0.113650
seed=11 cond=EF epoch=023 loss=5.458708 h0=0.120450 h12=0.112800
seed=11 cond=EF epoch=024 loss=5.456400 h0=0.120600 h12=0.113650
seed=11 cond=EF epoch=025 loss=5.456906 h0=0.123350 h12=0.112500
seed=11 cond=EF epoch=026 loss=5.454962 h0=0.123850 h12=0.108950
seed=11 cond=EF epoch=027 loss=5.454016 h0=0.123950 h12=0.113550
seed=11 cond=EF epoch=028 loss=5.453565 h0=0.125000 h12=0.112150
seed=11 cond=EF epoch=029 loss=5.452075 h0=0.126200 h12=0.111750
seed=11 cond=EF epoch=030 loss=5.454452 h0=0.129000 h12=0.110300
seed=11 cond=EF epoch=031 loss=5.451921 h0=0.129800 h12=0.112900
seed=11 cond=EF epoch=032 loss=5.450576 h0=0.128900 h12=0.113050
seed=11 cond=EF epoch=033 loss=5.449616 h0=0.128650 h12=0.108650
seed=11 cond=EF epoch=034 loss=5.449368 h0=0.129050 h12=0.109800
seed=11 cond=EF epoch=035 loss=5.447198 h0=0.131750 h12=0.111700
seed=11 cond=EF epoch=036 loss=5.448926 h0=0.131600 h12=0.111600
seed=11 cond=EF epoch=037 loss=5.447705 h0=0.132800 h12=0.112100
seed=11 cond=EF epoch=038 loss=5.446899 h0=0.132900 h12=0.111650
seed=11 cond=EF epoch=039 loss=5.448043 h0=0.133400 h12=0.112000
seed=11 cond=EF epoch=040 loss=5.447400 h0=0.134800 h12=0.111300
seed=11 cond=EF epoch=041 loss=5.445031 h0=0.134800 h12=0.111300
seed=11 cond=EF epoch=042 loss=5.445441 h0=0.134050 h12=0.109400
seed=11 cond=EF epoch=043 loss=5.443649 h0=0.133500 h12=0.110800
seed=11 cond=EF epoch=044 loss=5.442384 h0=0.131650 h12=0.111150
seed=11 cond=EF epoch=045 loss=5.443757 h0=0.134000 h12=0.112600
seed=11 cond=EF epoch=046 loss=5.442611 h0=0.135050 h12=0.109950
seed=11 cond=EF epoch=047 loss=5.443083 h0=0.134700 h12=0.110500
seed=11 cond=EF epoch=048 loss=5.441802 h0=0.135450 h12=0.111150
seed=11 cond=EF epoch=049 loss=5.439478 h0=0.135750 h12=0.112350
seed=11 cond=EF epoch=050 loss=5.440329 h0=0.135950 h12=0.110000
seed=11 cond=EF epoch=051 loss=5.438729 h0=0.135200 h12=0.111700
seed=11 cond=EF epoch=052 loss=5.439265 h0=0.135750 h12=0.108000
seed=11 cond=EF epoch=053 loss=5.438106 h0=0.137500 h12=0.111800
seed=11 cond=EF epoch=054 loss=5.439905 h0=0.136200 h12=0.110350
seed=11 cond=EF epoch=055 loss=5.436212 h0=0.137450 h12=0.110250
seed=11 cond=EF epoch=056 loss=5.436493 h0=0.138300 h12=0.108950
seed=11 cond=EF epoch=057 loss=5.437530 h0=0.137650 h12=0.110950
seed=11 cond=EF epoch=058 loss=5.436516 h0=0.138250 h12=0.111750
seed=11 cond=EF epoch=059 loss=5.435108 h0=0.139600 h12=0.111650
seed=11 cond=EF epoch=060 loss=5.435508 h0=0.140700 h12=0.110200
seed=11 cond=EF epoch=061 loss=5.435225 h0=0.138800 h12=0.111150
seed=11 cond=EF epoch=062 loss=5.433165 h0=0.138450 h12=0.112800
seed=11 cond=EF epoch=063 loss=5.433480 h0=0.138000 h12=0.110450
seed=11 cond=EF epoch=064 loss=5.432681 h0=0.139100 h12=0.110300
seed=11 cond=EF epoch=065 loss=5.432637 h0=0.140950 h12=0.111450
seed=11 cond=EF epoch=066 loss=5.431979 h0=0.139750 h12=0.110150
seed=11 cond=EF epoch=067 loss=5.433053 h0=0.140650 h12=0.111550
seed=11 cond=EF epoch=068 loss=5.430616 h0=0.140450 h12=0.110500
seed=11 cond=EF epoch=069 loss=5.431537 h0=0.142050 h12=0.110400
seed=11 cond=EF epoch=070 loss=5.431815 h0=0.141900 h12=0.109000
seed=11 cond=EF epoch=071 loss=5.429772 h0=0.141250 h12=0.112000
seed=11 cond=EF epoch=072 loss=5.430140 h0=0.140500 h12=0.113100
seed=11 cond=EF epoch=073 loss=5.429912 h0=0.140700 h12=0.110500
seed=11 cond=EF epoch=074 loss=5.427778 h0=0.140550 h12=0.109600
seed=11 cond=EF epoch=075 loss=5.427348 h0=0.140200 h12=0.111700
seed=11 cond=EF epoch=076 loss=5.427350 h0=0.142050 h12=0.112100
seed=11 cond=EF epoch=077 loss=5.426649 h0=0.142950 h12=0.111150
seed=11 cond=EF epoch=078 loss=5.427220 h0=0.141950 h12=0.112100
seed=11 cond=EF epoch=079 loss=5.426643 h0=0.143350 h12=0.114650
seed=11 cond=EF epoch=080 loss=5.426209 h0=0.143750 h12=0.113500
seed=11 cond=EF epoch=081 loss=5.425342 h0=0.143500 h12=0.107700
seed=11 cond=EF epoch=082 loss=5.423926 h0=0.143900 h12=0.110650
seed=11 cond=EF epoch=083 loss=5.423465 h0=0.144250 h12=0.111700
seed=11 cond=EF epoch=084 loss=5.424218 h0=0.145200 h12=0.110200
seed=11 cond=EF epoch=085 loss=5.424449 h0=0.144050 h12=0.110750
seed=11 cond=EF epoch=086 loss=5.424130 h0=0.143900 h12=0.109650
seed=11 cond=EF epoch=087 loss=5.423114 h0=0.143050 h12=0.111400
seed=11 cond=EF epoch=088 loss=5.422159 h0=0.144100 h12=0.110700
seed=11 cond=EF epoch=089 loss=5.422485 h0=0.143150 h12=0.112300
seed=11 cond=EF epoch=090 loss=5.423543 h0=0.144000 h12=0.110550
seed=11 cond=EF epoch=091 loss=5.420666 h0=0.143350 h12=0.113900
seed=11 cond=EF epoch=092 loss=5.420327 h0=0.143450 h12=0.107650
seed=11 cond=EF epoch=093 loss=5.422309 h0=0.144050 h12=0.111000
seed=11 cond=EF epoch=094 loss=5.419807 h0=0.143550 h12=0.112400
seed=11 cond=EF epoch=095 loss=5.420128 h0=0.143450 h12=0.112450
seed=11 cond=EF epoch=096 loss=5.420825 h0=0.144000 h12=0.111700
seed=11 cond=EF epoch=097 loss=5.418827 h0=0.146050 h12=0.110250
seed=11 cond=EF epoch=098 loss=5.421480 h0=0.145900 h12=0.110500
seed=11 cond=EF epoch=099 loss=5.420043 h0=0.145350 h12=0.110250
seed=11 cond=EF epoch=100 loss=5.418318 h0=0.146050 h12=0.111600
