seed=71 cond=J epoch=001 loss=5.537318 h0=0.110600 h12=0.061750
seed=71 cond=J epoch=002 loss=5.430921 h0=0.139950 h12=0.065100
seed=71 cond=J epoch=003 loss=5.313176 h0=0.156400 h12=0.105700
seed=71 cond=J epoch=004 loss=5.184004 h0=0.172100 h12=0.111450
seed=71 cond=J epoch=005 loss=5.132183 h0=0.179250 h12=0.113000
seed=71 cond=J epoch=006 loss=5.111125 h0=0.184650 h12=0.115300
seed=71 cond=J epoch=007 loss=5.100898 h0=0.184300 h12=0.112650
seed=71 cond=J epoch=008 loss=5.094593 h0=0.185400 h12=0.111450
seed=71 cond=J epoch=009 loss=5.090066 h0=0.186200 h12=0.113400
seed=71 cond=J epoch=010 loss=5.086191 h0=0.185650 h12=0.113200
seed=71 cond=J epoch=011 loss=5.081612 h0=0.187500 h12=0.112300
seed=71 cond=J epoch=012 loss=5.073409 h0=0.193050 h12=0.114450
seed=71 cond=J epoch=013 loss=5.054086 h0=0.199950 h12=0.111450
seed=71 cond=J epoch=014 loss=5.034470 h0=0.204000 h12=0.113850
seed=71 cond=J epoch=015 loss=5.021165 h0=0.205450 h12=0.114350
seed=71 cond=J epoch=016 loss=5.011673 h0=0.207500 h12=0.112950
seed=71 cond=J epoch=017 loss=4.998969 h0=0.213700 h12=0.114100
seed=71 cond=J epoch=018 loss=4.974784 h0=0.219550 h12=0.116250
seed=71 cond=J epoch=019 loss=4.945016 h0=0.228850 h12=0.115600
seed=71 cond=J epoch=020 loss=4.911003 h0=0.240350 h12=0.116950
seed=71 cond=J epoch=021 loss=4.867183 h0=0.253500 h12=0.117700
seed=71 cond=J epoch=022 loss=4.821451 h0=0.269950 h12=0.117350
seed=71 cond=J epoch=023 loss=4.776926 h0=0.284200 h12=0.115800
seed=71 cond=J epoch=024 loss=4.735113 h0=0.296800 h12=0.117050
seed=71 cond=J epoch=025 loss=4.694357 h0=0.309000 h12=0.116750
seed=71 cond=J epoch=026 loss=4.656223 h0=0.323400 h12=0.116700
seed=71 cond=J epoch=027 loss=4.617987 h0=0.335350 h12=0.116500
seed=71 cond=J epoch=028 loss=4.580990 h0=0.343550 h12=0.118300
seed=71 cond=J epoch=029 loss=4.544306 h0=0.356400 h12=0.120600
seed=71 cond=J epoch=030 loss=4.504825 h0=0.365050 h12=0.126000
seed=71 cond=J epoch=031 loss=4.467842 h0=0.376300 h12=0.131300
seed=71 cond=J epoch=032 loss=4.434779 h0=0.382550 h12=0.132300
seed=71 cond=J epoch=033 loss=4.401390 h0=0.393150 h12=0.133400
seed=71 cond=J epoch=034 loss=4.369763 h0=0.401000 h12=0.134300
seed=71 cond=J epoch=035 loss=4.342271 h0=0.409950 h12=0.136150
seed=71 cond=J epoch=036 loss=4.318226 h0=0.415950 h12=0.138900
seed=71 cond=J epoch=037 loss=4.296531 h0=0.420700 h12=0.137400
seed=71 cond=J epoch=038 loss=4.277969 h0=0.423850 h12=0.137500
seed=71 cond=J epoch=039 loss=4.260511 h0=0.428350 h12=0.138650
seed=71 cond=J epoch=040 loss=4.244308 h0=0.431100 h12=0.136850
seed=71 cond=J epoch=041 loss=4.227888 h0=0.434150 h12=0.138450
seed=71 cond=J epoch=042 loss=4.212480 h0=0.438150 h12=0.138700
seed=71 cond=J epoch=043 loss=4.196930 h0=0.441400 h12=0.140450
seed=71 cond=J epoch=044 loss=4.181055 h0=0.444450 h12=0.140300
seed=71 cond=J epoch=045 loss=4.165924 h0=0.448250 h12=0.144900
seed=71 cond=J epoch=046 loss=4.149592 h0=0.450200 h12=0.144400
seed=71 cond=J epoch=047 loss=4.133364 h0=0.455950 h12=0.145550
seed=71 cond=J epoch=048 loss=4.117846 h0=0.458900 h12=0.145050
seed=71 cond=J epoch=049 loss=4.102104 h0=0.460800 h12=0.144100
seed=71 cond=J epoch=050 loss=4.085886 h0=0.463650 h12=0.146200
seed=71 cond=J epoch=051 loss=4.069458 h0=0.466200 h12=0.147700
seed=71 cond=J epoch=052 loss=4.053091 h0=0.469400 h12=0.145150
seed=71 cond=J epoch=053 loss=4.035817 h0=0.471800 h12=0.148500
seed=71 cond=J epoch=054 loss=4.019262 h0=0.477500 h12=0.149750
seed=71 cond=J epoch=055 loss=4.002081 h0=0.483000 h12=0.151550
seed=71 cond=J epoch=056 loss=3.985151 h0=0.485400 h12=0.152950
seed=71 cond=J epoch=057 loss=3.969276 h0=0.491100 h12=0.153950
seed=71 cond=J epoch=058 loss=3.952805 h0=0.494400 h12=0.157300
seed=71 cond=J epoch=059 loss=3.937139 h0=0.499650 h12=0.158350
seed=71 cond=J epoch=060 loss=3.921852 h0=0.502400 h12=0.159800
seed=71 cond=J epoch=061 loss=3.906784 h0=0.507000 h12=0.161250
seed=71 cond=J epoch=062 loss=3.892065 h0=0.511200 h12=0.164050
seed=71 cond=J epoch=063 loss=3.877554 h0=0.513950 h12=0.164000
seed=71 cond=J epoch=064 loss=3.863509 h0=0.520550 h12=0.165750
seed=71 cond=J epoch=065 loss=3.848919 h0=0.523700 h12=0.165000
seed=71 cond=J epoch=066 loss=3.835128 h0=0.527900 h12=0.167950
seed=71 cond=J epoch=067 loss=3.821402 h0=0.532950 h12=0.167650
seed=71 cond=J epoch=068 loss=3.807455 h0=0.538400 h12=0.168250
seed=71 cond=J epoch=069 loss=3.794200 h0=0.543550 h12=0.167900
seed=71 cond=J epoch=070 loss=3.780515 h0=0.547100 h12=0.170500
seed=71 cond=J epoch=071 loss=3.766408 h0=0.552950 h12=0.168500
seed=71 cond=J epoch=072 loss=3.753222 h0=0.556450 h12=0.170900
seed=71 cond=J epoch=073 loss=3.739524 h0=0.560000 h12=0.169650
seed=71 cond=J epoch=074 loss=3.726445 h0=0.564550 h12=0.171200
seed=71 cond=J epoch=075 loss=3.713278 h0=0.569000 h12=0.172600
seed=71 cond=J epoch=076 loss=3.700111 h0=0.572400 h12=0.171850
seed=71 cond=J epoch=077 loss=3.686556 h0=0.575850 h12=0.173600
seed=71 cond=J epoch=078 loss=3.673196 h0=0.581650 h12=0.174500
seed=71 cond=J epoch=079 loss=3.659784 h0=0.586750 h12=0.175950
seed=71 cond=J epoch=080 loss=3.647056 h0=0.590700 h12=0.174900
seed=71 cond=J epoch=081 loss=3.633489 h0=0.598900 h12=0.177950
seed=71 cond=J epoch=082 loss=3.620463 h0=0.601450 h12=0.179050
seed=71 cond=J epoch=083 loss=3.607053 h0=0.606650 h12=0.178700
seed=71 cond=J epoch=084 loss=3.594133 h0=0.611900 h12=0.183050
seed=71 cond=J epoch=085 loss=3.581158 h0=0.615750 h12=0.184050
seed=71 cond=J epoch=086 loss=3.567892 h0=0.622400 h12=0.185600
seed=71 cond=J epoch=087 loss=3.554446 h0=0.627000 h12=0.188550
seed=71 cond=J epoch=088 loss=3.541135 h0=0.632350 h12=0.187200
seed=71 cond=J epoch=089 loss=3.527945 h0=0.636600 h12=0.190950
seed=71 cond=J epoch=090 loss=3.513929 h0=0.641250 h12=0.190650
seed=71 cond=J epoch=091 loss=3.499893 h0=0.646850 h12=0.195650
seed=71 cond=J epoch=092 loss=3.485828 h0=0.651500 h12=0.195950
seed=71 cond=J epoch=093 loss=3.471257 h0=0.656850 h12=0.199500
seed=71 cond=J epoch=094 loss=3.457442 h0=0.662900 h12=0.203100
seed=71 cond=J epoch=095 loss=3.442827 h0=0.668150 h12=0.207650
seed=71 cond=J epoch=096 loss=3.428569 h0=0.673150 h12=0.207400
seed=71 cond=J epoch=097 loss=3.414908 h0=0.677500 h12=0.210850
seed=71 cond=J epoch=098 loss=3.401847 h0=0.683600 h12=0.211500
seed=71 cond=J epoch=099 loss=3.389265 h0=0.687700 h12=0.212100
seed=71 cond=J epoch=100 loss=3.377309 h0=0.692300 h12=0.212350
seed=71 cond=H0 epoch=001 loss=2.764714 h0=0.110600 h12=0.061050
seed=71 cond=H0 epoch=002 loss=2.658476 h0=0.139900 h12=0.065200
seed=71 cond=H0 epoch=003 loss=2.568377 h0=0.157900 h12=0.064600
seed=71 cond=H0 epoch=004 loss=2.513211 h0=0.172400 h12=0.065900
seed=71 cond=H0 epoch=005 loss=2.478071 h0=0.180900 h12=0.067200
seed=71 cond=H0 epoch=006 loss=2.462010 h0=0.183350 h12=0.065250
seed=71 cond=H0 epoch=007 loss=2.454587 h0=0.184050 h12=0.065150
seed=71 cond=H0 epoch=008 loss=2.450291 h0=0.185950 h12=0.064750
seed=71 cond=H0 epoch=009 loss=2.446592 h0=0.187300 h12=0.064450
seed=71 cond=H0 epoch=010 loss=2.441501 h0=0.189300 h12=0.064500
seed=71 cond=H0 epoch=011 loss=2.427364 h0=0.197350 h12=0.063650
seed=71 cond=H0 epoch=012 loss=2.404874 h0=0.202000 h12=0.063250
seed=71 cond=H0 epoch=013 loss=2.387541 h0=0.205550 h12=0.062700
seed=71 cond=H0 epoch=014 loss=2.374766 h0=0.209400 h12=0.063800
seed=71 cond=H0 epoch=015 loss=2.353849 h0=0.221000 h12=0.063900
seed=71 cond=H0 epoch=016 loss=2.316476 h0=0.231900 h12=0.064350
seed=71 cond=H0 epoch=017 loss=2.280619 h0=0.240400 h12=0.061750
seed=71 cond=H0 epoch=018 loss=2.246002 h0=0.251850 h12=0.062100
seed=71 cond=H0 epoch=019 loss=2.200338 h0=0.266750 h12=0.060500
seed=71 cond=H0 epoch=020 loss=2.149997 h0=0.281800 h12=0.060800
seed=71 cond=H0 epoch=021 loss=2.107207 h0=0.294050 h12=0.059550
seed=71 cond=H0 epoch=022 loss=2.069643 h0=0.308950 h12=0.059600
seed=71 cond=H0 epoch=023 loss=2.034009 h0=0.318050 h12=0.060100
seed=71 cond=H0 epoch=024 loss=1.998569 h0=0.330500 h12=0.060050
seed=71 cond=H0 epoch=025 loss=1.963638 h0=0.342900 h12=0.061000
seed=71 cond=H0 epoch=026 loss=1.931614 h0=0.353450 h12=0.061700
seed=71 cond=H0 epoch=027 loss=1.900241 h0=0.367000 h12=0.060200
seed=71 cond=H0 epoch=028 loss=1.870878 h0=0.376500 h12=0.060200
seed=71 cond=H0 epoch=029 loss=1.842837 h0=0.384150 h12=0.060250
seed=71 cond=H0 epoch=030 loss=1.815161 h0=0.394300 h12=0.059900
seed=71 cond=H0 epoch=031 loss=1.788083 h0=0.401800 h12=0.060250
seed=71 cond=H0 epoch=032 loss=1.762708 h0=0.408800 h12=0.059350
seed=71 cond=H0 epoch=033 loss=1.741152 h0=0.413600 h12=0.059700
seed=71 cond=H0 epoch=034 loss=1.722921 h0=0.419600 h12=0.060350
seed=71 cond=H0 epoch=035 loss=1.706563 h0=0.422800 h12=0.059900
seed=71 cond=H0 epoch=036 loss=1.691690 h0=0.426800 h12=0.059800
seed=71 cond=H0 epoch=037 loss=1.678249 h0=0.431350 h12=0.059100
seed=71 cond=H0 epoch=038 loss=1.665659 h0=0.435350 h12=0.059650
seed=71 cond=H0 epoch=039 loss=1.653710 h0=0.437900 h12=0.059500
seed=71 cond=H0 epoch=040 loss=1.642140 h0=0.441500 h12=0.059950
seed=71 cond=H0 epoch=041 loss=1.631049 h0=0.445750 h12=0.059550
seed=71 cond=H0 epoch=042 loss=1.620106 h0=0.448850 h12=0.059100
seed=71 cond=H0 epoch=043 loss=1.609421 h0=0.452600 h12=0.059700
seed=71 cond=H0 epoch=044 loss=1.598948 h0=0.456050 h12=0.058550
seed=71 cond=H0 epoch=045 loss=1.588574 h0=0.457800 h12=0.058800
seed=71 cond=H0 epoch=046 loss=1.578153 h0=0.462200 h12=0.058650
seed=71 cond=H0 epoch=047 loss=1.567978 h0=0.465850 h12=0.058850
seed=71 cond=H0 epoch=048 loss=1.557935 h0=0.468750 h12=0.059350
seed=71 cond=H0 epoch=049 loss=1.547998 h0=0.471600 h12=0.059350
seed=71 cond=H0 epoch=050 loss=1.537898 h0=0.477850 h12=0.058850
seed=71 cond=H0 epoch=051 loss=1.527854 h0=0.480350 h12=0.058550
seed=71 cond=H0 epoch=052 loss=1.517920 h0=0.484900 h12=0.058750
seed=71 cond=H0 epoch=053 loss=1.507820 h0=0.489650 h12=0.058950
seed=71 cond=H0 epoch=054 loss=1.498055 h0=0.493650 h12=0.059000
seed=71 cond=H0 epoch=055 loss=1.487946 h0=0.498600 h12=0.059400
seed=71 cond=H0 epoch=056 loss=1.478045 h0=0.503650 h12=0.058700
seed=71 cond=H0 epoch=057 loss=1.468093 h0=0.507800 h12=0.058950
seed=71 cond=H0 epoch=058 loss=1.458184 h0=0.512800 h12=0.058750
seed=71 cond=H0 epoch=059 loss=1.448119 h0=0.516450 h12=0.058600
seed=71 cond=H0 epoch=060 loss=1.438143 h0=0.519050 h12=0.058600
seed=71 cond=H0 epoch=061 loss=1.428256 h0=0.524800 h12=0.059250
seed=71 cond=H0 epoch=062 loss=1.418145 h0=0.529650 h12=0.059500
seed=71 cond=H0 epoch=063 loss=1.408229 h0=0.532900 h12=0.059200
seed=71 cond=H0 epoch=064 loss=1.398224 h0=0.537550 h12=0.059750
seed=71 cond=H0 epoch=065 loss=1.388158 h0=0.542950 h12=0.059450
seed=71 cond=H0 epoch=066 loss=1.378131 h0=0.548600 h12=0.059050
seed=71 cond=H0 epoch=067 loss=1.368090 h0=0.553450 h12=0.060200
seed=71 cond=H0 epoch=068 loss=1.358078 h0=0.556450 h12=0.059800
seed=71 cond=H0 epoch=069 loss=1.348227 h0=0.561200 h12=0.060150
seed=71 cond=H0 epoch=070 loss=1.338181 h0=0.566500 h12=0.059850
seed=71 cond=H0 epoch=071 loss=1.328117 h0=0.570250 h12=0.060250
seed=71 cond=H0 epoch=072 loss=1.318303 h0=0.576150 h12=0.059950
seed=71 cond=H0 epoch=073 loss=1.308212 h0=0.579900 h12=0.059700
seed=71 cond=H0 epoch=074 loss=1.298531 h0=0.584600 h12=0.059900
seed=71 cond=H0 epoch=075 loss=1.288675 h0=0.589850 h12=0.059050
seed=71 cond=H0 epoch=076 loss=1.278937 h0=0.594850 h12=0.059250
seed=71 cond=H0 epoch=077 loss=1.269270 h0=0.600300 h12=0.059450
seed=71 cond=H0 epoch=078 loss=1.259539 h0=0.605900 h12=0.059500
seed=71 cond=H0 epoch=079 loss=1.250039 h0=0.609900 h12=0.058850
seed=71 cond=H0 epoch=080 loss=1.240587 h0=0.615000 h12=0.059200
seed=71 cond=H0 epoch=081 loss=1.231285 h0=0.619850 h12=0.058550
seed=71 cond=H0 epoch=082 loss=1.221853 h0=0.624500 h12=0.058950
seed=71 cond=H0 epoch=083 loss=1.212660 h0=0.629650 h12=0.058500
seed=71 cond=H0 epoch=084 loss=1.203432 h0=0.635650 h12=0.058350
seed=71 cond=H0 epoch=085 loss=1.194389 h0=0.639400 h12=0.058300
seed=71 cond=H0 epoch=086 loss=1.185374 h0=0.644700 h12=0.058550
seed=71 cond=H0 epoch=087 loss=1.176519 h0=0.647900 h12=0.058650
seed=71 cond=H0 epoch=088 loss=1.167836 h0=0.651450 h12=0.058150
seed=71 cond=H0 epoch=089 loss=1.159220 h0=0.654500 h12=0.058200
seed=71 cond=H0 epoch=090 loss=1.150811 h0=0.658400 h12=0.057850
seed=71 cond=H0 epoch=091 loss=1.142359 h0=0.662450 h12=0.057400
seed=71 cond=H0 epoch=092 loss=1.134080 h0=0.666750 h12=0.057500
seed=71 cond=H0 epoch=093 loss=1.126024 h0=0.670850 h12=0.057350
seed=71 cond=H0 epoch=094 loss=1.118045 h0=0.674800 h12=0.057250
seed=71 cond=H0 epoch=095 loss=1.110146 h0=0.678300 h12=0.056350
seed=71 cond=H0 epoch=096 loss=1.102392 h0=0.682050 h12=0.057350
seed=71 cond=H0 epoch=097 loss=1.094725 h0=0.685550 h12=0.056600
seed=71 cond=H0 epoch=098 loss=1.087215 h0=0.689850 h12=0.057150
seed=71 cond=H0 epoch=099 loss=1.079875 h0=0.692400 h12=0.056550
seed=71 cond=H0 epoch=100 loss=1.072708 h0=0.695800 h12=0.056100
seed=71 cond=HT epoch=001 loss=2.772604 h0=0.061800 h12=0.061750
seed=71 cond=HT epoch=002 loss=2.766882 h0=0.072150 h12=0.087300
seed=71 cond=HT epoch=003 loss=2.696319 h0=0.067050 h12=0.114200
seed=71 cond=HT epoch=004 loss=2.650757 h0=0.066300 h12=0.117450
seed=71 cond=HT epoch=005 loss=2.644061 h0=0.066150 h12=0.116150
seed=71 cond=HT epoch=006 loss=2.642031 h0=0.066450 h12=0.117700
seed=71 cond=HT epoch=007 loss=2.641027 h0=0.066750 h12=0.117750
seed=71 cond=HT epoch=008 loss=2.639795 h0=0.066850 h12=0.116400
seed=71 cond=HT epoch=009 loss=2.639010 h0=0.067200 h12=0.116500
seed=71 cond=HT epoch=010 loss=2.638281 h0=0.066250 h12=0.115800
seed=71 cond=HT epoch=011 loss=2.637505 h0=0.066800 h12=0.116550
seed=71 cond=HT epoch=012 loss=2.636675 h0=0.066350 h12=0.116050
seed=71 cond=HT epoch=013 loss=2.635723 h0=0.066300 h12=0.115650
seed=71 cond=HT epoch=014 loss=2.634614 h0=0.066150 h12=0.115150
seed=71 cond=HT epoch=015 loss=2.633203 h0=0.066450 h12=0.113900
seed=71 cond=HT epoch=016 loss=2.631315 h0=0.066000 h12=0.111700
seed=71 cond=HT epoch=017 loss=2.628896 h0=0.066300 h12=0.111300
seed=71 cond=HT epoch=018 loss=2.625345 h0=0.066250 h12=0.109450
seed=71 cond=HT epoch=019 loss=2.619929 h0=0.067150 h12=0.112650
seed=71 cond=HT epoch=020 loss=2.611286 h0=0.068300 h12=0.120700
seed=71 cond=HT epoch=021 loss=2.596738 h0=0.068700 h12=0.133000
seed=71 cond=HT epoch=022 loss=2.572965 h0=0.066750 h12=0.152550
seed=71 cond=HT epoch=023 loss=2.545281 h0=0.066700 h12=0.178150
seed=71 cond=HT epoch=024 loss=2.515495 h0=0.066300 h12=0.181350
seed=71 cond=HT epoch=025 loss=2.496196 h0=0.066550 h12=0.180900
seed=71 cond=HT epoch=026 loss=2.480412 h0=0.067550 h12=0.184700
seed=71 cond=HT epoch=027 loss=2.469662 h0=0.067450 h12=0.183550
seed=71 cond=HT epoch=028 loss=2.461224 h0=0.067200 h12=0.183200
seed=71 cond=HT epoch=029 loss=2.455064 h0=0.067200 h12=0.184150
seed=71 cond=HT epoch=030 loss=2.449973 h0=0.067350 h12=0.186150
seed=71 cond=HT epoch=031 loss=2.445431 h0=0.066800 h12=0.184400
seed=71 cond=HT epoch=032 loss=2.442562 h0=0.067300 h12=0.185800
seed=71 cond=HT epoch=033 loss=2.439157 h0=0.067000 h12=0.185050
seed=71 cond=HT epoch=034 loss=2.436433 h0=0.067000 h12=0.186100
seed=71 cond=HT epoch=035 loss=2.434108 h0=0.066450 h12=0.187000
seed=71 cond=HT epoch=036 loss=2.432059 h0=0.066800 h12=0.188300
seed=71 cond=HT epoch=037 loss=2.429166 h0=0.066900 h12=0.189100
seed=71 cond=HT epoch=038 loss=2.427319 h0=0.067550 h12=0.190350
seed=71 cond=HT epoch=039 loss=2.424207 h0=0.066200 h12=0.189950
seed=71 cond=HT epoch=040 loss=2.422150 h0=0.066350 h12=0.191800
seed=71 cond=HT epoch=041 loss=2.420105 h0=0.066050 h12=0.195850
seed=71 cond=HT epoch=042 loss=2.417481 h0=0.066000 h12=0.194000
seed=71 cond=HT epoch=043 loss=2.414851 h0=0.065800 h12=0.196300
seed=71 cond=HT epoch=044 loss=2.412190 h0=0.065950 h12=0.194450
seed=71 cond=HT epoch=045 loss=2.409559 h0=0.066000 h12=0.195950
seed=71 cond=HT epoch=046 loss=2.407724 h0=0.066250 h12=0.197550
seed=71 cond=HT epoch=047 loss=2.405000 h0=0.065850 h12=0.198700
seed=71 cond=HT epoch=048 loss=2.402259 h0=0.066700 h12=0.198300
seed=71 cond=HT epoch=049 loss=2.400204 h0=0.066350 h12=0.201450
seed=71 cond=HT epoch=050 loss=2.397533 h0=0.066250 h12=0.200850
seed=71 cond=HT epoch=051 loss=2.395544 h0=0.066200 h12=0.199650
seed=71 cond=HT epoch=052 loss=2.393459 h0=0.064850 h12=0.202100
seed=71 cond=HT epoch=053 loss=2.391033 h0=0.064550 h12=0.201000
seed=71 cond=HT epoch=054 loss=2.390317 h0=0.064200 h12=0.202200
seed=71 cond=HT epoch=055 loss=2.387892 h0=0.063400 h12=0.201550
seed=71 cond=HT epoch=056 loss=2.386336 h0=0.062800 h12=0.202950
seed=71 cond=HT epoch=057 loss=2.385118 h0=0.062200 h12=0.200750
seed=71 cond=HT epoch=058 loss=2.383064 h0=0.062050 h12=0.204200
seed=71 cond=HT epoch=059 loss=2.382275 h0=0.061950 h12=0.204850
seed=71 cond=HT epoch=060 loss=2.381775 h0=0.062650 h12=0.202200
seed=71 cond=HT epoch=061 loss=2.380494 h0=0.062150 h12=0.203200
seed=71 cond=HT epoch=062 loss=2.379203 h0=0.062550 h12=0.201650
seed=71 cond=HT epoch=063 loss=2.378248 h0=0.062350 h12=0.204000
seed=71 cond=HT epoch=064 loss=2.377301 h0=0.061800 h12=0.204800
seed=71 cond=HT epoch=065 loss=2.376348 h0=0.062000 h12=0.202850
seed=71 cond=HT epoch=066 loss=2.376516 h0=0.061850 h12=0.202950
seed=71 cond=HT epoch=067 loss=2.375569 h0=0.062100 h12=0.204950
seed=71 cond=HT epoch=068 loss=2.374575 h0=0.061650 h12=0.204450
seed=71 cond=HT epoch=069 loss=2.373566 h0=0.061500 h12=0.205250
seed=71 cond=HT epoch=070 loss=2.372922 h0=0.061100 h12=0.206500
seed=71 cond=HT epoch=071 loss=2.371864 h0=0.061150 h12=0.205450
seed=71 cond=HT epoch=072 loss=2.370752 h0=0.061150 h12=0.205350
seed=71 cond=HT epoch=073 loss=2.370377 h0=0.061250 h12=0.206100
seed=71 cond=HT epoch=074 loss=2.369795 h0=0.060500 h12=0.206150
seed=71 cond=HT epoch=075 loss=2.368904 h0=0.060500 h12=0.205350
seed=71 cond=HT epoch=076 loss=2.368365 h0=0.060350 h12=0.203350
seed=71 cond=HT epoch=077 loss=2.367997 h0=0.060600 h12=0.206450
seed=71 cond=HT epoch=078 loss=2.367289 h0=0.060750 h12=0.206450
seed=71 cond=HT epoch=079 loss=2.366706 h0=0.060850 h12=0.206250
seed=71 cond=HT epoch=080 loss=2.366490 h0=0.060750 h12=0.208200
seed=71 cond=HT epoch=081 loss=2.365670 h0=0.060100 h12=0.205750
seed=71 cond=HT epoch=082 loss=2.365170 h0=0.060300 h12=0.206850
seed=71 cond=HT epoch=083 loss=2.364796 h0=0.060750 h12=0.206950
seed=71 cond=HT epoch=084 loss=2.364114 h0=0.060600 h12=0.206500
seed=71 cond=HT epoch=085 loss=2.363882 h0=0.060650 h12=0.207800
seed=71 cond=HT epoch=086 loss=2.363477 h0=0.060600 h12=0.207450
seed=71 cond=HT epoch=087 loss=2.363141 h0=0.060150 h12=0.206550
seed=71 cond=HT epoch=088 loss=2.362793 h0=0.060550 h12=0.205750
seed=71 cond=HT epoch=089 loss=2.362535 h0=0.059800 h12=0.208150
seed=71 cond=HT epoch=090 loss=2.362019 h0=0.060250 h12=0.206700
seed=71 cond=HT epoch=091 loss=2.361683 h0=0.060300 h12=0.208650
seed=71 cond=HT epoch=092 loss=2.361669 h0=0.059850 h12=0.207750
seed=71 cond=HT epoch=093 loss=2.360733 h0=0.060300 h12=0.208450
seed=71 cond=HT epoch=094 loss=2.360750 h0=0.059950 h12=0.208700
seed=71 cond=HT epoch=095 loss=2.359957 h0=0.060000 h12=0.208850
seed=71 cond=HT epoch=096 loss=2.359628 h0=0.059450 h12=0.207350
seed=71 cond=HT epoch=097 loss=2.359102 h0=0.060000 h12=0.207900
seed=71 cond=HT epoch=098 loss=2.359145 h0=0.060050 h12=0.208300
seed=71 cond=HT epoch=099 loss=2.358842 h0=0.059700 h12=0.208600
seed=71 cond=HT epoch=100 loss=2.358895 h0=0.060050 h12=0.209350
seed=71 cond=FF epoch=001 loss=5.537299 h0=0.110550 h12=0.066050
seed=71 cond=FF epoch=002 loss=5.430867 h0=0.139950 h12=0.065050
seed=71 cond=FF epoch=003 loss=5.340680 h0=0.157900 h12=0.065050
seed=71 cond=FF epoch=004 loss=5.285469 h0=0.172400 h12=0.065700
seed=71 cond=FF epoch=005 loss=5.250289 h0=0.180850 h12=0.066150
seed=71 cond=FF epoch=006 loss=5.234209 h0=0.183300 h12=0.065050
seed=71 cond=FF epoch=007 loss=5.226782 h0=0.184100 h12=0.065050
seed=71 cond=FF epoch=008 loss=5.222474 h0=0.185950 h12=0.065050
seed=71 cond=FF epoch=009 loss=5.218776 h0=0.187400 h12=0.065050
seed=71 cond=FF epoch=010 loss=5.213676 h0=0.189200 h12=0.066150
seed=71 cond=FF epoch=011 loss=5.199545 h0=0.197550 h12=0.066150
seed=71 cond=FF epoch=012 loss=5.177054 h0=0.201900 h12=0.064600
seed=71 cond=FF epoch=013 loss=5.159715 h0=0.205450 h12=0.065050
seed=71 cond=FF epoch=014 loss=5.146935 h0=0.209350 h12=0.064050
seed=71 cond=FF epoch=015 loss=5.125995 h0=0.221050 h12=0.065050
seed=71 cond=FF epoch=016 loss=5.088610 h0=0.231850 h12=0.065050
seed=71 cond=FF epoch=017 loss=5.052752 h0=0.240500 h12=0.066150
seed=71 cond=FF epoch=018 loss=5.018136 h0=0.251650 h12=0.066150
seed=71 cond=FF epoch=019 loss=4.972485 h0=0.266650 h12=0.064050
seed=71 cond=FF epoch=020 loss=4.922176 h0=0.281550 h12=0.064050
seed=71 cond=FF epoch=021 loss=4.879380 h0=0.294100 h12=0.065050
seed=71 cond=FF epoch=022 loss=4.841778 h0=0.309000 h12=0.065050
seed=71 cond=FF epoch=023 loss=4.806134 h0=0.317900 h12=0.065050
seed=71 cond=FF epoch=024 loss=4.770668 h0=0.330500 h12=0.066150
seed=71 cond=FF epoch=025 loss=4.735738 h0=0.342700 h12=0.065050
seed=71 cond=FF epoch=026 loss=4.703731 h0=0.353800 h12=0.065400
seed=71 cond=FF epoch=027 loss=4.672374 h0=0.366900 h12=0.065300
seed=71 cond=FF epoch=028 loss=4.643016 h0=0.376350 h12=0.066250
seed=71 cond=FF epoch=029 loss=4.614999 h0=0.384350 h12=0.065050
seed=71 cond=FF epoch=030 loss=4.587351 h0=0.394300 h12=0.065650
seed=71 cond=FF epoch=031 loss=4.560267 h0=0.401900 h12=0.065050
seed=71 cond=FF epoch=032 loss=4.534867 h0=0.408850 h12=0.064600
seed=71 cond=FF epoch=033 loss=4.513287 h0=0.413450 h12=0.067950
seed=71 cond=FF epoch=034 loss=4.495038 h0=0.419500 h12=0.065050
seed=71 cond=FF epoch=035 loss=4.478661 h0=0.423050 h12=0.065050
seed=71 cond=FF epoch=036 loss=4.463775 h0=0.426850 h12=0.065050
seed=71 cond=FF epoch=037 loss=4.450313 h0=0.431300 h12=0.065100
seed=71 cond=FF epoch=038 loss=4.437715 h0=0.435500 h12=0.067900
seed=71 cond=FF epoch=039 loss=4.425760 h0=0.437950 h12=0.068200
seed=71 cond=FF epoch=040 loss=4.414181 h0=0.441400 h12=0.065050
seed=71 cond=FF epoch=041 loss=4.403077 h0=0.445700 h12=0.065150
seed=71 cond=FF epoch=042 loss=4.392130 h0=0.449200 h12=0.063600
seed=71 cond=FF epoch=043 loss=4.381440 h0=0.452450 h12=0.065700
seed=71 cond=FF epoch=044 loss=4.370962 h0=0.455800 h12=0.068050
seed=71 cond=FF epoch=045 loss=4.360584 h0=0.457750 h12=0.065150
seed=71 cond=FF epoch=046 loss=4.350147 h0=0.462200 h12=0.066100
seed=71 cond=FF epoch=047 loss=4.339962 h0=0.466150 h12=0.067250
seed=71 cond=FF epoch=048 loss=4.329921 h0=0.468500 h12=0.067150
seed=71 cond=FF epoch=049 loss=4.319976 h0=0.472100 h12=0.065050
seed=71 cond=FF epoch=050 loss=4.309878 h0=0.477900 h12=0.065050
seed=71 cond=FF epoch=051 loss=4.299823 h0=0.480300 h12=0.064900
seed=71 cond=FF epoch=052 loss=4.289890 h0=0.484800 h12=0.066500
seed=71 cond=FF epoch=053 loss=4.279779 h0=0.489600 h12=0.070350
seed=71 cond=FF epoch=054 loss=4.270009 h0=0.493700 h12=0.067700
seed=71 cond=FF epoch=055 loss=4.259893 h0=0.498450 h12=0.068200
seed=71 cond=FF epoch=056 loss=4.249993 h0=0.503100 h12=0.065700
seed=71 cond=FF epoch=057 loss=4.240037 h0=0.507500 h12=0.066450
seed=71 cond=FF epoch=058 loss=4.230125 h0=0.513100 h12=0.065550
seed=71 cond=FF epoch=059 loss=4.220054 h0=0.516650 h12=0.066400
seed=71 cond=FF epoch=060 loss=4.210077 h0=0.519150 h12=0.067350
seed=71 cond=FF epoch=061 loss=4.200180 h0=0.525100 h12=0.066150
seed=71 cond=FF epoch=062 loss=4.190071 h0=0.529400 h12=0.066150
seed=71 cond=FF epoch=063 loss=4.180157 h0=0.533150 h12=0.066250
seed=71 cond=FF epoch=064 loss=4.170140 h0=0.537400 h12=0.065200
seed=71 cond=FF epoch=065 loss=4.160076 h0=0.543500 h12=0.065100
seed=71 cond=FF epoch=066 loss=4.150046 h0=0.548600 h12=0.065700
seed=71 cond=FF epoch=067 loss=4.140009 h0=0.553550 h12=0.066350
seed=71 cond=FF epoch=068 loss=4.129988 h0=0.556500 h12=0.065200
seed=71 cond=FF epoch=069 loss=4.120135 h0=0.560900 h12=0.070850
seed=71 cond=FF epoch=070 loss=4.110091 h0=0.566550 h12=0.069600
seed=71 cond=FF epoch=071 loss=4.100023 h0=0.570150 h12=0.068000
seed=71 cond=FF epoch=072 loss=4.090198 h0=0.575850 h12=0.064850
seed=71 cond=FF epoch=073 loss=4.080105 h0=0.579700 h12=0.068700
seed=71 cond=FF epoch=074 loss=4.070429 h0=0.584850 h12=0.068550
seed=71 cond=FF epoch=075 loss=4.060566 h0=0.590150 h12=0.065850
seed=71 cond=FF epoch=076 loss=4.050825 h0=0.594600 h12=0.065100
seed=71 cond=FF epoch=077 loss=4.041152 h0=0.600150 h12=0.066050
seed=71 cond=FF epoch=078 loss=4.031414 h0=0.605950 h12=0.065050
seed=71 cond=FF epoch=079 loss=4.021909 h0=0.609700 h12=0.067800
seed=71 cond=FF epoch=080 loss=4.012450 h0=0.614600 h12=0.065050
seed=71 cond=FF epoch=081 loss=4.003142 h0=0.619750 h12=0.065200
seed=71 cond=FF epoch=082 loss=3.993707 h0=0.624400 h12=0.064450
seed=71 cond=FF epoch=083 loss=3.984510 h0=0.629700 h12=0.065100
seed=71 cond=FF epoch=084 loss=3.975279 h0=0.635800 h12=0.065050
seed=71 cond=FF epoch=085 loss=3.966229 h0=0.639350 h12=0.065050
seed=71 cond=FF epoch=086 loss=3.957210 h0=0.644650 h12=0.065050
seed=71 cond=FF epoch=087 loss=3.948350 h0=0.648050 h12=0.066850
seed=71 cond=FF epoch=088 loss=3.939674 h0=0.651150 h12=0.067350
seed=71 cond=FF epoch=089 loss=3.931050 h0=0.654750 h12=0.065050
seed=71 cond=FF epoch=090 loss=3.922642 h0=0.658150 h12=0.065750
seed=71 cond=FF epoch=091 loss=3.914189 h0=0.662450 h12=0.067250
seed=71 cond=FF epoch=092 loss=3.905913 h0=0.666700 h12=0.070250
seed=71 cond=FF epoch=093 loss=3.897854 h0=0.670650 h12=0.067250
seed=71 cond=FF epoch=094 loss=3.889887 h0=0.674650 h12=0.072400
seed=71 cond=FF epoch=095 loss=3.881975 h0=0.678000 h12=0.069350
seed=71 cond=FF epoch=096 loss=3.874243 h0=0.681800 h12=0.069750
seed=71 cond=FF epoch=097 loss=3.866571 h0=0.685550 h12=0.065600
seed=71 cond=FF epoch=098 loss=3.859059 h0=0.689950 h12=0.068050
seed=71 cond=FF epoch=099 loss=3.851722 h0=0.692300 h12=0.069000
seed=71 cond=FF epoch=100 loss=3.844557 h0=0.695850 h12=0.068000
seed=71 cond=EF epoch=001 loss=5.544818 h0=0.070050 h12=0.061750
seed=71 cond=EF epoch=002 loss=5.543960 h0=0.072000 h12=0.065100
seed=71 cond=EF epoch=003 loss=5.543231 h0=0.075000 h12=0.062800
seed=71 cond=EF epoch=004 loss=5.542677 h0=0.075950 h12=0.066150
seed=71 cond=EF epoch=005 loss=5.542078 h0=0.077900 h12=0.065150
seed=71 cond=EF epoch=006 loss=5.541545 h0=0.078600 h12=0.065050
seed=71 cond=EF epoch=007 loss=5.541027 h0=0.080650 h12=0.065350
seed=71 cond=EF epoch=008 loss=5.540509 h0=0.082000 h12=0.065150
seed=71 cond=EF epoch=009 loss=5.540064 h0=0.082900 h12=0.063850
seed=71 cond=EF epoch=010 loss=5.539520 h0=0.083650 h12=0.067150
seed=71 cond=EF epoch=011 loss=5.538999 h0=0.085200 h12=0.064600
seed=71 cond=EF epoch=012 loss=5.538534 h0=0.086300 h12=0.064050
seed=71 cond=EF epoch=013 loss=5.538052 h0=0.087550 h12=0.065050
seed=71 cond=EF epoch=014 loss=5.537547 h0=0.090250 h12=0.064050
seed=71 cond=EF epoch=015 loss=5.537067 h0=0.094150 h12=0.064050
seed=71 cond=EF epoch=016 loss=5.536558 h0=0.095600 h12=0.064050
seed=71 cond=EF epoch=017 loss=5.536121 h0=0.097600 h12=0.064450
seed=71 cond=EF epoch=018 loss=5.535637 h0=0.098100 h12=0.066150
seed=71 cond=EF epoch=019 loss=5.535232 h0=0.100000 h12=0.064050
seed=71 cond=EF epoch=020 loss=5.534688 h0=0.098500 h12=0.064050
seed=71 cond=EF epoch=021 loss=5.534219 h0=0.100650 h12=0.065050
seed=71 cond=EF epoch=022 loss=5.533159 h0=0.102700 h12=0.069500
seed=71 cond=EF epoch=023 loss=5.495687 h0=0.102150 h12=0.100300
seed=71 cond=EF epoch=024 loss=5.466512 h0=0.102700 h12=0.101100
seed=71 cond=EF epoch=025 loss=5.456657 h0=0.103500 h12=0.102000
seed=71 cond=EF epoch=026 loss=5.452686 h0=0.103450 h12=0.101850
seed=71 cond=EF epoch=027 loss=5.449657 h0=0.104350 h12=0.104900
seed=71 cond=EF epoch=028 loss=5.447747 h0=0.104500 h12=0.105400
seed=71 cond=EF epoch=029 loss=5.446189 h0=0.107050 h12=0.107450
seed=71 cond=EF epoch=030 loss=5.445091 h0=0.105600 h12=0.108000
seed=71 cond=EF epoch=031 loss=5.443155 h0=0.107450 h12=0.104650
seed=71 cond=EF epoch=032 loss=5.443571 h0=0.107450 h12=0.109300
seed=71 cond=EF epoch=033 loss=5.441801 h0=0.107250 h12=0.107500
seed=71 cond=EF epoch=034 loss=5.441034 h0=0.106100 h12=0.108350
seed=71 cond=EF epoch=035 loss=5.441035 h0=0.108850 h12=0.106450
seed=71 cond=EF epoch=036 loss=5.441093 h0=0.109900 h12=0.105500
seed=71 cond=EF epoch=037 loss=5.440734 h0=0.109700 h12=0.110250
seed=71 cond=EF epoch=038 loss=5.439520 h0=0.110250 h12=0.109650
seed=71 cond=EF epoch=039 loss=5.438638 h0=0.110800 h12=0.106650
seed=71 cond=EF epoch=040 loss=5.439059 h0=0.112650 h12=0.105600
seed=71 cond=EF epoch=041 loss=5.438440 h0=0.112100 h12=0.108350
seed=71 cond=EF epoch=042 loss=5.438362 h0=0.112400 h12=0.109800
seed=71 cond=EF epoch=043 loss=5.436710 h0=0.113900 h12=0.107800
seed=71 cond=EF epoch=044 loss=5.438097 h0=0.115850 h12=0.107950
seed=71 cond=EF epoch=045 loss=5.437376 h0=0.115350 h12=0.107800
seed=71 cond=EF epoch=046 loss=5.436184 h0=0.116450 h12=0.108650
seed=71 cond=EF epoch=047 loss=5.434291 h0=0.117350 h12=0.109450
seed=71 cond=EF epoch=048 loss=5.435034 h0=0.118300 h12=0.108600
seed=71 cond=EF epoch=049 loss=5.434448 h0=0.118700 h12=0.109300
seed=71 cond=EF epoch=050 loss=5.434418 h0=0.119250 h12=0.107150
seed=71 cond=EF epoch=051 loss=5.433219 h0=0.120250 h12=0.108950
seed=71 cond=EF epoch=052 loss=5.432334 h0=0.118600 h12=0.110050
seed=71 cond=EF epoch=053 loss=5.431837 h0=0.119850 h12=0.110050
seed=71 cond=EF epoch=054 loss=5.432487 h0=0.117550 h12=0.106950
seed=71 cond=EF epoch=055 loss=5.432976 h0=0.117550 h12=0.107750
seed=71 cond=EF epoch=056 loss=5.431669 h0=0.116650 h12=0.107950
seed=71 cond=EF epoch=057 loss=5.430139 h0=0.118250 h12=0.108400
seed=71 cond=EF epoch=058 loss=5.430660 h0=0.118500 h12=0.108750
seed=71 cond=EF epoch=059 loss=5.429623 h0=0.119000 h12=0.109400
seed=71 cond=EF epoch=060 loss=5.429607 h0=0.119050 h12=0.110500
seed=71 cond=EF epoch=061 loss=5.429705 h0=0.121100 h12=0.110000
seed=71 cond=EF epoch=062 loss=5.428973 h0=0.122700 h12=0.108150
seed=71 cond=EF epoch=063 loss=5.429075 h0=0.123050 h12=0.108150
seed=71 cond=EF epoch=064 loss=5.427384 h0=0.124500 h12=0.111100
seed=71 cond=EF epoch=065 loss=5.427615 h0=0.125850 h12=0.108850
seed=71 cond=EF epoch=066 loss=5.426534 h0=0.126150 h12=0.108350
seed=71 cond=EF epoch=067 loss=5.426548 h0=0.125350 h12=0.110150
seed=71 cond=EF epoch=068 loss=5.427865 h0=0.125350 h12=0.106950
seed=71 cond=EF epoch=069 loss=5.425174 h0=0.124250 h12=0.112100
seed=71 cond=EF epoch=070 loss=5.426138 h0=0.124300 h12=0.108900
seed=71 cond=EF epoch=071 loss=5.423597 h0=0.126600 h12=0.109950
seed=71 cond=EF epoch=072 loss=5.424963 h0=0.126550 h12=0.107400
seed=71 cond=EF epoch=073 loss=5.423810 h0=0.126800 h12=0.108900
seed=71 cond=EF epoch=074 loss=5.424208 h0=0.126000 h12=0.110000
seed=71 cond=EF epoch=075 loss=5.422801 h0=0.125400 h12=0.111250
seed=71 cond=EF epoch=076 loss=5.423265 h0=0.126250 h12=0.111500
seed=71 cond=EF epoch=077 loss=5.422330 h0=0.126900 h12=0.109050
seed=71 cond=EF epoch=078 loss=5.422241 h0=0.126200 h12=0.107950
seed=71 cond=EF epoch=079 loss=5.421575 h0=0.126850 h12=0.108850
seed=71 cond=EF epoch=080 loss=5.422056 h0=0.128100 h12=0.110150
seed=71 cond=EF epoch=081 loss=5.420270 h0=0.129350 h12=0.108150
seed=71 cond=EF epoch=082 loss=5.420595 h0=0.128650 h12=0.108800
seed=71 cond=EF epoch=083 loss=5.419226 h0=0.130700 h12=0.108400
seed=71 cond=EF epoch=084 loss=5.419316 h0=0.128150 h12=0.106950
seed=71 cond=EF epoch=085 loss=5.420551 h0=0.128150 h12=0.108800
seed=71 cond=EF epoch=086 loss=5.418159 h0=0.128750 h12=0.108750
seed=71 cond=EF epoch=087 loss=5.420114 h0=0.130350 h12=0.107500
seed=71 cond=EF epoch=088 loss=5.419449 h0=0.130000 h12=0.107750
seed=71 cond=EF epoch=089 loss=5.417386 h0=0.128350 h12=0.110000
seed=71 cond=EF epoch=090 loss=5.418916 h0=0.128700 h12=0.110650
seed=71 cond=EF epoch=091 loss=5.417633 h0=0.128750 h12=0.107900
seed=71 cond=EF epoch=092 loss=5.417260 h0=0.130000 h12=0.109250
seed=71 cond=EF epoch=093 loss=5.416208 h0=0.129200 h12=0.111350
seed=71 cond=EF epoch=094 loss=5.416537 h0=0.130050 h12=0.108350
seed=71 cond=EF epoch=095 loss=5.417048 h0=0.129750 h12=0.110300
seed=71 cond=EF epoch=096 loss=5.416972 h0=0.130200 h12=0.108650
seed=71 cond=EF epoch=097 loss=5.416018 h0=0.130050 h12=0.111150
seed=71 cond=EF epoch=098 loss=5.415376 h0=0.130250 h12=0.111300
seed=71 cond=EF epoch=099 loss=5.414470 h0=0.129850 h12=0.109750
seed=71 cond=EF epoch=100 loss=5.413974 h0=0.131150 h12=0.111800
