seed=37 cond=J epoch=001 loss=5.533502 h0=0.102550 h12=0.063050
seed=37 cond=J epoch=002 loss=5.441181 h0=0.124150 h12=0.063400
seed=37 cond=J epoch=003 loss=5.381609 h0=0.143950 h12=0.092950
seed=37 cond=J epoch=004 loss=5.265063 h0=0.147400 h12=0.115200
seed=37 cond=J epoch=005 loss=5.211527 h0=0.155300 h12=0.116350
seed=37 cond=J epoch=006 loss=5.181652 h0=0.161750 h12=0.117650
seed=37 cond=J epoch=007 loss=5.160544 h0=0.168150 h12=0.116800
seed=37 cond=J epoch=008 loss=5.135358 h0=0.178000 h12=0.117100
seed=37 cond=J epoch=009 loss=5.104516 h0=0.188800 h12=0.117450
seed=37 cond=J epoch=010 loss=5.071336 h0=0.195450 h12=0.119050
seed=37 cond=J epoch=011 loss=5.049874 h0=0.198000 h12=0.119000
seed=37 cond=J epoch=012 loss=5.038106 h0=0.199250 h12=0.118700
seed=37 cond=J epoch=013 loss=5.030817 h0=0.201150 h12=0.120500
seed=37 cond=J epoch=014 loss=5.025161 h0=0.204000 h12=0.118100
seed=37 cond=J epoch=015 loss=5.019367 h0=0.204400 h12=0.120250
seed=37 cond=J epoch=016 loss=5.011779 h0=0.205150 h12=0.118850
seed=37 cond=J epoch=017 loss=4.996680 h0=0.210900 h12=0.120500
seed=37 cond=J epoch=018 loss=4.970574 h0=0.218850 h12=0.118800
seed=37 cond=J epoch=019 loss=4.940989 h0=0.230150 h12=0.119000
seed=37 cond=J epoch=020 loss=4.902387 h0=0.244300 h12=0.118950
seed=37 cond=J epoch=021 loss=4.856961 h0=0.261500 h12=0.120700
seed=37 cond=J epoch=022 loss=4.812956 h0=0.276650 h12=0.120300
seed=37 cond=J epoch=023 loss=4.772169 h0=0.293200 h12=0.119600
seed=37 cond=J epoch=024 loss=4.729661 h0=0.310500 h12=0.116850
seed=37 cond=J epoch=025 loss=4.685665 h0=0.327100 h12=0.117100
seed=37 cond=J epoch=026 loss=4.639594 h0=0.340050 h12=0.116450
seed=37 cond=J epoch=027 loss=4.597339 h0=0.351550 h12=0.114650
seed=37 cond=J epoch=028 loss=4.561965 h0=0.361450 h12=0.115350
seed=37 cond=J epoch=029 loss=4.528821 h0=0.371500 h12=0.115850
seed=37 cond=J epoch=030 loss=4.493019 h0=0.381300 h12=0.120500
seed=37 cond=J epoch=031 loss=4.453979 h0=0.392000 h12=0.123450
seed=37 cond=J epoch=032 loss=4.414487 h0=0.400450 h12=0.128450
seed=37 cond=J epoch=033 loss=4.377988 h0=0.407000 h12=0.127900
seed=37 cond=J epoch=034 loss=4.346355 h0=0.412050 h12=0.130400
seed=37 cond=J epoch=035 loss=4.318868 h0=0.417650 h12=0.131000
seed=37 cond=J epoch=036 loss=4.293732 h0=0.425250 h12=0.134050
seed=37 cond=J epoch=037 loss=4.269150 h0=0.431800 h12=0.134200
seed=37 cond=J epoch=038 loss=4.244206 h0=0.439000 h12=0.136700
seed=37 cond=J epoch=039 loss=4.219780 h0=0.443450 h12=0.140700
seed=37 cond=J epoch=040 loss=4.196300 h0=0.448850 h12=0.143400
seed=37 cond=J epoch=041 loss=4.173139 h0=0.453150 h12=0.145600
seed=37 cond=J epoch=042 loss=4.150497 h0=0.456450 h12=0.148000
seed=37 cond=J epoch=043 loss=4.127999 h0=0.461100 h12=0.150850
seed=37 cond=J epoch=044 loss=4.106496 h0=0.463450 h12=0.157500
seed=37 cond=J epoch=045 loss=4.086571 h0=0.465650 h12=0.160450
seed=37 cond=J epoch=046 loss=4.069576 h0=0.468600 h12=0.165450
seed=37 cond=J epoch=047 loss=4.051478 h0=0.474200 h12=0.167850
seed=37 cond=J epoch=048 loss=4.035349 h0=0.475100 h12=0.162550
seed=37 cond=J epoch=049 loss=4.019765 h0=0.478550 h12=0.174900
seed=37 cond=J epoch=050 loss=4.004559 h0=0.482350 h12=0.180550
seed=37 cond=J epoch=051 loss=3.989959 h0=0.484750 h12=0.184450
seed=37 cond=J epoch=052 loss=3.977294 h0=0.488150 h12=0.184000
seed=37 cond=J epoch=053 loss=3.964258 h0=0.493100 h12=0.184650
seed=37 cond=J epoch=054 loss=3.950351 h0=0.496450 h12=0.184800
seed=37 cond=J epoch=055 loss=3.938565 h0=0.498800 h12=0.186350
seed=37 cond=J epoch=056 loss=3.926624 h0=0.499400 h12=0.188500
seed=37 cond=J epoch=057 loss=3.914405 h0=0.505200 h12=0.187150
seed=37 cond=J epoch=058 loss=3.903951 h0=0.505450 h12=0.189200
seed=37 cond=J epoch=059 loss=3.892383 h0=0.508450 h12=0.189250
seed=37 cond=J epoch=060 loss=3.880416 h0=0.512250 h12=0.186600
seed=37 cond=J epoch=061 loss=3.869309 h0=0.513750 h12=0.191500
seed=37 cond=J epoch=062 loss=3.860063 h0=0.518550 h12=0.193400
seed=37 cond=J epoch=063 loss=3.847475 h0=0.520650 h12=0.190650
seed=37 cond=J epoch=064 loss=3.837648 h0=0.524000 h12=0.193800
seed=37 cond=J epoch=065 loss=3.827529 h0=0.526300 h12=0.193800
seed=37 cond=J epoch=066 loss=3.817264 h0=0.529500 h12=0.195000
seed=37 cond=J epoch=067 loss=3.808669 h0=0.532750 h12=0.191650
seed=37 cond=J epoch=068 loss=3.798890 h0=0.534550 h12=0.194000
seed=37 cond=J epoch=069 loss=3.790048 h0=0.537300 h12=0.195200
seed=37 cond=J epoch=070 loss=3.781594 h0=0.539550 h12=0.197600
seed=37 cond=J epoch=071 loss=3.772026 h0=0.542800 h12=0.196000
seed=37 cond=J epoch=072 loss=3.763136 h0=0.547000 h12=0.198050
seed=37 cond=J epoch=073 loss=3.753181 h0=0.548900 h12=0.196800
seed=37 cond=J epoch=074 loss=3.744243 h0=0.551800 h12=0.196950
seed=37 cond=J epoch=075 loss=3.735708 h0=0.554150 h12=0.197150
seed=37 cond=J epoch=076 loss=3.727662 h0=0.557150 h12=0.200000
seed=37 cond=J epoch=077 loss=3.717724 h0=0.560200 h12=0.199650
seed=37 cond=J epoch=078 loss=3.708651 h0=0.563200 h12=0.199900
seed=37 cond=J epoch=079 loss=3.699612 h0=0.564550 h12=0.199150
seed=37 cond=J epoch=080 loss=3.690518 h0=0.568550 h12=0.197700
seed=37 cond=J epoch=081 loss=3.679958 h0=0.572800 h12=0.198500
seed=37 cond=J epoch=082 loss=3.671551 h0=0.574350 h12=0.200100
seed=37 cond=J epoch=083 loss=3.662093 h0=0.576700 h12=0.201600
seed=37 cond=J epoch=084 loss=3.653039 h0=0.580050 h12=0.201200
seed=37 cond=J epoch=085 loss=3.644143 h0=0.582500 h12=0.200250
seed=37 cond=J epoch=086 loss=3.634674 h0=0.585450 h12=0.199650
seed=37 cond=J epoch=087 loss=3.624802 h0=0.587800 h12=0.200250
seed=37 cond=J epoch=088 loss=3.615080 h0=0.591300 h12=0.202400
seed=37 cond=J epoch=089 loss=3.605036 h0=0.593900 h12=0.200950
seed=37 cond=J epoch=090 loss=3.596519 h0=0.597700 h12=0.203900
seed=37 cond=J epoch=091 loss=3.586808 h0=0.600300 h12=0.199850
seed=37 cond=J epoch=092 loss=3.577138 h0=0.603050 h12=0.201400
seed=37 cond=J epoch=093 loss=3.569126 h0=0.607700 h12=0.200700
seed=37 cond=J epoch=094 loss=3.559642 h0=0.610850 h12=0.201700
seed=37 cond=J epoch=095 loss=3.551365 h0=0.612850 h12=0.203350
seed=37 cond=J epoch=096 loss=3.542166 h0=0.616100 h12=0.203200
seed=37 cond=J epoch=097 loss=3.533389 h0=0.619300 h12=0.205800
seed=37 cond=J epoch=098 loss=3.524401 h0=0.622050 h12=0.204400
seed=37 cond=J epoch=099 loss=3.516618 h0=0.626800 h12=0.202600
seed=37 cond=J epoch=100 loss=3.507581 h0=0.628050 h12=0.206900
seed=37 cond=H0 epoch=001 loss=2.760848 h0=0.102550 h12=0.071050
seed=37 cond=H0 epoch=002 loss=2.668696 h0=0.124250 h12=0.062100
seed=37 cond=H0 epoch=003 loss=2.616087 h0=0.144800 h12=0.060550
seed=37 cond=H0 epoch=004 loss=2.583103 h0=0.150850 h12=0.061450
seed=37 cond=H0 epoch=005 loss=2.554097 h0=0.158650 h12=0.062000
seed=37 cond=H0 epoch=006 loss=2.527964 h0=0.163450 h12=0.061100
seed=37 cond=H0 epoch=007 loss=2.503733 h0=0.174750 h12=0.061150
seed=37 cond=H0 epoch=008 loss=2.466509 h0=0.186250 h12=0.062000
seed=37 cond=H0 epoch=009 loss=2.425963 h0=0.195250 h12=0.061800
seed=37 cond=H0 epoch=010 loss=2.404484 h0=0.197900 h12=0.060650
seed=37 cond=H0 epoch=011 loss=2.394152 h0=0.199400 h12=0.061100
seed=37 cond=H0 epoch=012 loss=2.387984 h0=0.201550 h12=0.060900
seed=37 cond=H0 epoch=013 loss=2.382386 h0=0.203000 h12=0.060100
seed=37 cond=H0 epoch=014 loss=2.375982 h0=0.205450 h12=0.060150
seed=37 cond=H0 epoch=015 loss=2.363593 h0=0.210450 h12=0.059600
seed=37 cond=H0 epoch=016 loss=2.332830 h0=0.222100 h12=0.061600
seed=37 cond=H0 epoch=017 loss=2.287338 h0=0.237300 h12=0.062100
seed=37 cond=H0 epoch=018 loss=2.235688 h0=0.256200 h12=0.059950
seed=37 cond=H0 epoch=019 loss=2.186452 h0=0.272600 h12=0.060250
seed=37 cond=H0 epoch=020 loss=2.147527 h0=0.284450 h12=0.059850
seed=37 cond=H0 epoch=021 loss=2.115184 h0=0.294750 h12=0.060350
seed=37 cond=H0 epoch=022 loss=2.081040 h0=0.308650 h12=0.061900
seed=37 cond=H0 epoch=023 loss=2.042355 h0=0.321600 h12=0.061350
seed=37 cond=H0 epoch=024 loss=2.001392 h0=0.337650 h12=0.060850
seed=37 cond=H0 epoch=025 loss=1.962881 h0=0.348300 h12=0.061200
seed=37 cond=H0 epoch=026 loss=1.929665 h0=0.360700 h12=0.061950
seed=37 cond=H0 epoch=027 loss=1.899342 h0=0.371700 h12=0.062350
seed=37 cond=H0 epoch=028 loss=1.871338 h0=0.378550 h12=0.062900
seed=37 cond=H0 epoch=029 loss=1.846196 h0=0.385850 h12=0.062300
seed=37 cond=H0 epoch=030 loss=1.821295 h0=0.394300 h12=0.062350
seed=37 cond=H0 epoch=031 loss=1.795339 h0=0.405400 h12=0.062650
seed=37 cond=H0 epoch=032 loss=1.769764 h0=0.415400 h12=0.062850
seed=37 cond=H0 epoch=033 loss=1.745029 h0=0.423500 h12=0.061900
seed=37 cond=H0 epoch=034 loss=1.722262 h0=0.431500 h12=0.061200
seed=37 cond=H0 epoch=035 loss=1.701834 h0=0.436400 h12=0.061700
seed=37 cond=H0 epoch=036 loss=1.684391 h0=0.442100 h12=0.061000
seed=37 cond=H0 epoch=037 loss=1.668878 h0=0.446600 h12=0.061250
seed=37 cond=H0 epoch=038 loss=1.654704 h0=0.451000 h12=0.061300
seed=37 cond=H0 epoch=039 loss=1.641600 h0=0.453500 h12=0.061200
seed=37 cond=H0 epoch=040 loss=1.629600 h0=0.457450 h12=0.061100
seed=37 cond=H0 epoch=041 loss=1.618337 h0=0.460900 h12=0.060800
seed=37 cond=H0 epoch=042 loss=1.607158 h0=0.463500 h12=0.061000
seed=37 cond=H0 epoch=043 loss=1.596647 h0=0.466250 h12=0.060750
seed=37 cond=H0 epoch=044 loss=1.586377 h0=0.469500 h12=0.061050
seed=37 cond=H0 epoch=045 loss=1.576242 h0=0.473900 h12=0.061200
seed=37 cond=H0 epoch=046 loss=1.566647 h0=0.476550 h12=0.061300
seed=37 cond=H0 epoch=047 loss=1.557192 h0=0.480700 h12=0.061000
seed=37 cond=H0 epoch=048 loss=1.547834 h0=0.483550 h12=0.061350
seed=37 cond=H0 epoch=049 loss=1.538552 h0=0.486700 h12=0.061650
seed=37 cond=H0 epoch=050 loss=1.529282 h0=0.492150 h12=0.061300
seed=37 cond=H0 epoch=051 loss=1.520503 h0=0.495200 h12=0.061000
seed=37 cond=H0 epoch=052 loss=1.511537 h0=0.499500 h12=0.061350
seed=37 cond=H0 epoch=053 loss=1.502816 h0=0.503000 h12=0.061450
seed=37 cond=H0 epoch=054 loss=1.493838 h0=0.507200 h12=0.061450
seed=37 cond=H0 epoch=055 loss=1.485307 h0=0.511100 h12=0.061450
seed=37 cond=H0 epoch=056 loss=1.476595 h0=0.513000 h12=0.061050
seed=37 cond=H0 epoch=057 loss=1.467886 h0=0.517800 h12=0.061550
seed=37 cond=H0 epoch=058 loss=1.459353 h0=0.521150 h12=0.061350
seed=37 cond=H0 epoch=059 loss=1.450814 h0=0.524950 h12=0.060400
seed=37 cond=H0 epoch=060 loss=1.442266 h0=0.526650 h12=0.061350
seed=37 cond=H0 epoch=061 loss=1.433636 h0=0.529400 h12=0.061100
seed=37 cond=H0 epoch=062 loss=1.425079 h0=0.533450 h12=0.060950
seed=37 cond=H0 epoch=063 loss=1.416673 h0=0.536150 h12=0.060950
seed=37 cond=H0 epoch=064 loss=1.408060 h0=0.541500 h12=0.062100
seed=37 cond=H0 epoch=065 loss=1.399488 h0=0.543650 h12=0.061600
seed=37 cond=H0 epoch=066 loss=1.391149 h0=0.548550 h12=0.061600
seed=37 cond=H0 epoch=067 loss=1.382589 h0=0.549700 h12=0.061700
seed=37 cond=H0 epoch=068 loss=1.373981 h0=0.552900 h12=0.061750
seed=37 cond=H0 epoch=069 loss=1.365489 h0=0.555400 h12=0.061900
seed=37 cond=H0 epoch=070 loss=1.356942 h0=0.560050 h12=0.062100
seed=37 cond=H0 epoch=071 loss=1.348404 h0=0.563350 h12=0.061100
seed=37 cond=H0 epoch=072 loss=1.339793 h0=0.566650 h12=0.061200
seed=37 cond=H0 epoch=073 loss=1.331245 h0=0.573000 h12=0.062100
seed=37 cond=H0 epoch=074 loss=1.322769 h0=0.574350 h12=0.061050
seed=37 cond=H0 epoch=075 loss=1.314356 h0=0.578800 h12=0.061050
seed=37 cond=H0 epoch=076 loss=1.305792 h0=0.581600 h12=0.061300
seed=37 cond=H0 epoch=077 loss=1.297382 h0=0.585400 h12=0.061550
seed=37 cond=H0 epoch=078 loss=1.288997 h0=0.587200 h12=0.061150
seed=37 cond=H0 epoch=079 loss=1.280673 h0=0.591650 h12=0.061550
seed=37 cond=H0 epoch=080 loss=1.272351 h0=0.596450 h12=0.061450
seed=37 cond=H0 epoch=081 loss=1.264135 h0=0.600200 h12=0.061400
seed=37 cond=H0 epoch=082 loss=1.255821 h0=0.603800 h12=0.061800
seed=37 cond=H0 epoch=083 loss=1.247753 h0=0.607550 h12=0.060800
seed=37 cond=H0 epoch=084 loss=1.239591 h0=0.611300 h12=0.061350
seed=37 cond=H0 epoch=085 loss=1.231586 h0=0.615400 h12=0.062100
seed=37 cond=H0 epoch=086 loss=1.223663 h0=0.620450 h12=0.062550
seed=37 cond=H0 epoch=087 loss=1.215688 h0=0.622350 h12=0.062200
seed=37 cond=H0 epoch=088 loss=1.207939 h0=0.626200 h12=0.062550
seed=37 cond=H0 epoch=089 loss=1.200176 h0=0.630350 h12=0.061950
seed=37 cond=H0 epoch=090 loss=1.192527 h0=0.633000 h12=0.062650
seed=37 cond=H0 epoch=091 loss=1.185013 h0=0.636000 h12=0.062450
seed=37 cond=H0 epoch=092 loss=1.177463 h0=0.639100 h12=0.062150
seed=37 cond=H0 epoch=093 loss=1.169911 h0=0.643400 h12=0.062550
seed=37 cond=H0 epoch=094 loss=1.162769 h0=0.645100 h12=0.063350
seed=37 cond=H0 epoch=095 loss=1.155542 h0=0.649100 h12=0.063300
seed=37 cond=H0 epoch=096 loss=1.148439 h0=0.651450 h12=0.063050
seed=37 cond=H0 epoch=097 loss=1.141504 h0=0.654250 h12=0.062750
seed=37 cond=H0 epoch=098 loss=1.134648 h0=0.656900 h12=0.062950
seed=37 cond=H0 epoch=099 loss=1.127719 h0=0.661350 h12=0.062550
seed=37 cond=H0 epoch=100 loss=1.121094 h0=0.662750 h12=0.062800
seed=37 cond=HT epoch=001 loss=2.772238 h0=0.059700 h12=0.069800
seed=37 cond=HT epoch=002 loss=2.741199 h0=0.059600 h12=0.087700
seed=37 cond=HT epoch=003 loss=2.713486 h0=0.060100 h12=0.092700
seed=37 cond=HT epoch=004 loss=2.708810 h0=0.060100 h12=0.093550
seed=37 cond=HT epoch=005 loss=2.707563 h0=0.060450 h12=0.092950
seed=37 cond=HT epoch=006 loss=2.706695 h0=0.060500 h12=0.094050
seed=37 cond=HT epoch=007 loss=2.706170 h0=0.060600 h12=0.093500
seed=37 cond=HT epoch=008 loss=2.705636 h0=0.060950 h12=0.092750
seed=37 cond=HT epoch=009 loss=2.705337 h0=0.060550 h12=0.092850
seed=37 cond=HT epoch=010 loss=2.705157 h0=0.060650 h12=0.092000
seed=37 cond=HT epoch=011 loss=2.704860 h0=0.059950 h12=0.093600
seed=37 cond=HT epoch=012 loss=2.704683 h0=0.060050 h12=0.093250
seed=37 cond=HT epoch=013 loss=2.704436 h0=0.060300 h12=0.092600
seed=37 cond=HT epoch=014 loss=2.704217 h0=0.060600 h12=0.093650
seed=37 cond=HT epoch=015 loss=2.704082 h0=0.061300 h12=0.095850
seed=37 cond=HT epoch=016 loss=2.703622 h0=0.061600 h12=0.095750
seed=37 cond=HT epoch=017 loss=2.703208 h0=0.061550 h12=0.096700
seed=37 cond=HT epoch=018 loss=2.702719 h0=0.061700 h12=0.096300
seed=37 cond=HT epoch=019 loss=2.702180 h0=0.060800 h12=0.097850
seed=37 cond=HT epoch=020 loss=2.701473 h0=0.061350 h12=0.099950
seed=37 cond=HT epoch=021 loss=2.700519 h0=0.061500 h12=0.100950
seed=37 cond=HT epoch=022 loss=2.698969 h0=0.060400 h12=0.102650
seed=37 cond=HT epoch=023 loss=2.697078 h0=0.061350 h12=0.106350
seed=37 cond=HT epoch=024 loss=2.693734 h0=0.062100 h12=0.106500
seed=37 cond=HT epoch=025 loss=2.688782 h0=0.064150 h12=0.111800
seed=37 cond=HT epoch=026 loss=2.676510 h0=0.063050 h12=0.132350
seed=37 cond=HT epoch=027 loss=2.662434 h0=0.063400 h12=0.138250
seed=37 cond=HT epoch=028 loss=2.653927 h0=0.063100 h12=0.138300
seed=37 cond=HT epoch=029 loss=2.648994 h0=0.062500 h12=0.139900
seed=37 cond=HT epoch=030 loss=2.645298 h0=0.061100 h12=0.142350
seed=37 cond=HT epoch=031 loss=2.642533 h0=0.060850 h12=0.141300
seed=37 cond=HT epoch=032 loss=2.639291 h0=0.061300 h12=0.140050
seed=37 cond=HT epoch=033 loss=2.636205 h0=0.061150 h12=0.141100
seed=37 cond=HT epoch=034 loss=2.633115 h0=0.061700 h12=0.141950
seed=37 cond=HT epoch=035 loss=2.630458 h0=0.061350 h12=0.141100
seed=37 cond=HT epoch=036 loss=2.628606 h0=0.060750 h12=0.145800
seed=37 cond=HT epoch=037 loss=2.626029 h0=0.061050 h12=0.145650
seed=37 cond=HT epoch=038 loss=2.623563 h0=0.060700 h12=0.142750
seed=37 cond=HT epoch=039 loss=2.620928 h0=0.060000 h12=0.143950
seed=37 cond=HT epoch=040 loss=2.618215 h0=0.060000 h12=0.147450
seed=37 cond=HT epoch=041 loss=2.616812 h0=0.060250 h12=0.146350
seed=37 cond=HT epoch=042 loss=2.613316 h0=0.062100 h12=0.147950
seed=37 cond=HT epoch=043 loss=2.610922 h0=0.062050 h12=0.148050
seed=37 cond=HT epoch=044 loss=2.608627 h0=0.063500 h12=0.148450
seed=37 cond=HT epoch=045 loss=2.605722 h0=0.062850 h12=0.150150
seed=37 cond=HT epoch=046 loss=2.603556 h0=0.063600 h12=0.151600
seed=37 cond=HT epoch=047 loss=2.600069 h0=0.064150 h12=0.150350
seed=37 cond=HT epoch=048 loss=2.598294 h0=0.064100 h12=0.146900
seed=37 cond=HT epoch=049 loss=2.595380 h0=0.064750 h12=0.148150
seed=37 cond=HT epoch=050 loss=2.593959 h0=0.064300 h12=0.149450
seed=37 cond=HT epoch=051 loss=2.592174 h0=0.064000 h12=0.149150
seed=37 cond=HT epoch=052 loss=2.588741 h0=0.064300 h12=0.148850
seed=37 cond=HT epoch=053 loss=2.586789 h0=0.064100 h12=0.152700
seed=37 cond=HT epoch=054 loss=2.584908 h0=0.064550 h12=0.150250
seed=37 cond=HT epoch=055 loss=2.583086 h0=0.064050 h12=0.149150
seed=37 cond=HT epoch=056 loss=2.581207 h0=0.064250 h12=0.150700
seed=37 cond=HT epoch=057 loss=2.580321 h0=0.063900 h12=0.152000
seed=37 cond=HT epoch=058 loss=2.577401 h0=0.063550 h12=0.151450
seed=37 cond=HT epoch=059 loss=2.575064 h0=0.063800 h12=0.148950
seed=37 cond=HT epoch=060 loss=2.574919 h0=0.064150 h12=0.150700
seed=37 cond=HT epoch=061 loss=2.573085 h0=0.064050 h12=0.152000
seed=37 cond=HT epoch=062 loss=2.570498 h0=0.064000 h12=0.150100
seed=37 cond=HT epoch=063 loss=2.569808 h0=0.063500 h12=0.154100
seed=37 cond=HT epoch=064 loss=2.568807 h0=0.064500 h12=0.152500
seed=37 cond=HT epoch=065 loss=2.566069 h0=0.064100 h12=0.149400
seed=37 cond=HT epoch=066 loss=2.564214 h0=0.064000 h12=0.151450
seed=37 cond=HT epoch=067 loss=2.562498 h0=0.064100 h12=0.150650
seed=37 cond=HT epoch=068 loss=2.560992 h0=0.063200 h12=0.151950
seed=37 cond=HT epoch=069 loss=2.557975 h0=0.062900 h12=0.152500
seed=37 cond=HT epoch=070 loss=2.554247 h0=0.063550 h12=0.151650
seed=37 cond=HT epoch=071 loss=2.553148 h0=0.063500 h12=0.151400
seed=37 cond=HT epoch=072 loss=2.549878 h0=0.064150 h12=0.154650
seed=37 cond=HT epoch=073 loss=2.548485 h0=0.063550 h12=0.157000
seed=37 cond=HT epoch=074 loss=2.544524 h0=0.062600 h12=0.152200
seed=37 cond=HT epoch=075 loss=2.541376 h0=0.062900 h12=0.159000
seed=37 cond=HT epoch=076 loss=2.537383 h0=0.062350 h12=0.156900
seed=37 cond=HT epoch=077 loss=2.535801 h0=0.062250 h12=0.158600
seed=37 cond=HT epoch=078 loss=2.533914 h0=0.062600 h12=0.160700
seed=37 cond=HT epoch=079 loss=2.529653 h0=0.062550 h12=0.160900
seed=37 cond=HT epoch=080 loss=2.527751 h0=0.062700 h12=0.159550
seed=37 cond=HT epoch=081 loss=2.526447 h0=0.062650 h12=0.161300
seed=37 cond=HT epoch=082 loss=2.523770 h0=0.062800 h12=0.161900
seed=37 cond=HT epoch=083 loss=2.520443 h0=0.062950 h12=0.161850
seed=37 cond=HT epoch=084 loss=2.519154 h0=0.062350 h12=0.157300
seed=37 cond=HT epoch=085 loss=2.517399 h0=0.062700 h12=0.159400
seed=37 cond=HT epoch=086 loss=2.515091 h0=0.062550 h12=0.166150
seed=37 cond=HT epoch=087 loss=2.514304 h0=0.062400 h12=0.163550
seed=37 cond=HT epoch=088 loss=2.511000 h0=0.063300 h12=0.163750
seed=37 cond=HT epoch=089 loss=2.508575 h0=0.062600 h12=0.163850
seed=37 cond=HT epoch=090 loss=2.505699 h0=0.062800 h12=0.165750
seed=37 cond=HT epoch=091 loss=2.504488 h0=0.063300 h12=0.164800
seed=37 cond=HT epoch=092 loss=2.503318 h0=0.063350 h12=0.167300
seed=37 cond=HT epoch=093 loss=2.499563 h0=0.063300 h12=0.167950
seed=37 cond=HT epoch=094 loss=2.498537 h0=0.063750 h12=0.167150
seed=37 cond=HT epoch=095 loss=2.496958 h0=0.063750 h12=0.169800
seed=37 cond=HT epoch=096 loss=2.492250 h0=0.063550 h12=0.167050
seed=37 cond=HT epoch=097 loss=2.489234 h0=0.063750 h12=0.165950
seed=37 cond=HT epoch=098 loss=2.488136 h0=0.064650 h12=0.169650
seed=37 cond=HT epoch=099 loss=2.484006 h0=0.063850 h12=0.170450
seed=37 cond=HT epoch=100 loss=2.481260 h0=0.064800 h12=0.171550
seed=37 cond=FF epoch=001 loss=5.533448 h0=0.102500 h12=0.063700
seed=37 cond=FF epoch=002 loss=5.441121 h0=0.124300 h12=0.064300
seed=37 cond=FF epoch=003 loss=5.388418 h0=0.144700 h12=0.063700
seed=37 cond=FF epoch=004 loss=5.355343 h0=0.150950 h12=0.063300
seed=37 cond=FF epoch=005 loss=5.326254 h0=0.159150 h12=0.064800
seed=37 cond=FF epoch=006 loss=5.300034 h0=0.163650 h12=0.064300
seed=37 cond=FF epoch=007 loss=5.275727 h0=0.174700 h12=0.067550
seed=37 cond=FF epoch=008 loss=5.238783 h0=0.186350 h12=0.064450
seed=37 cond=FF epoch=009 loss=5.198194 h0=0.194900 h12=0.065300
seed=37 cond=FF epoch=010 loss=5.176441 h0=0.198100 h12=0.070350
seed=37 cond=FF epoch=011 loss=5.165890 h0=0.199450 h12=0.072200
seed=37 cond=FF epoch=012 loss=5.159575 h0=0.201450 h12=0.071550
seed=37 cond=FF epoch=013 loss=5.153843 h0=0.202850 h12=0.072750
seed=37 cond=FF epoch=014 loss=5.147296 h0=0.205000 h12=0.074300
seed=37 cond=FF epoch=015 loss=5.134721 h0=0.211150 h12=0.069900
seed=37 cond=FF epoch=016 loss=5.104261 h0=0.221650 h12=0.072550
seed=37 cond=FF epoch=017 loss=5.059878 h0=0.236550 h12=0.071700
seed=37 cond=FF epoch=018 loss=5.008580 h0=0.255600 h12=0.072400
seed=37 cond=FF epoch=019 loss=4.958886 h0=0.271950 h12=0.072250
seed=37 cond=FF epoch=020 loss=4.918840 h0=0.283300 h12=0.071450
seed=37 cond=FF epoch=021 loss=4.885466 h0=0.295650 h12=0.072350
seed=37 cond=FF epoch=022 loss=4.850271 h0=0.310000 h12=0.072950
seed=37 cond=FF epoch=023 loss=4.809941 h0=0.321650 h12=0.073000
seed=37 cond=FF epoch=024 loss=4.767900 h0=0.337700 h12=0.072400
seed=37 cond=FF epoch=025 loss=4.729721 h0=0.349450 h12=0.072700
seed=37 cond=FF epoch=026 loss=4.696684 h0=0.361400 h12=0.074250
seed=37 cond=FF epoch=027 loss=4.666186 h0=0.369900 h12=0.074200
seed=37 cond=FF epoch=028 loss=4.638122 h0=0.377050 h12=0.073750
seed=37 cond=FF epoch=029 loss=4.612181 h0=0.387700 h12=0.075650
seed=37 cond=FF epoch=030 loss=4.585689 h0=0.397200 h12=0.074400
seed=37 cond=FF epoch=031 loss=4.558630 h0=0.407150 h12=0.073500
seed=37 cond=FF epoch=032 loss=4.533011 h0=0.416750 h12=0.073350
seed=37 cond=FF epoch=033 loss=4.508179 h0=0.423800 h12=0.073550
seed=37 cond=FF epoch=034 loss=4.485899 h0=0.429750 h12=0.073100
seed=37 cond=FF epoch=035 loss=4.466242 h0=0.436300 h12=0.073600
seed=37 cond=FF epoch=036 loss=4.449326 h0=0.439700 h12=0.074100
seed=37 cond=FF epoch=037 loss=4.434211 h0=0.444650 h12=0.073850
seed=37 cond=FF epoch=038 loss=4.420251 h0=0.448050 h12=0.074650
seed=37 cond=FF epoch=039 loss=4.407272 h0=0.451650 h12=0.075450
seed=37 cond=FF epoch=040 loss=4.395258 h0=0.456250 h12=0.073500
seed=37 cond=FF epoch=041 loss=4.383974 h0=0.460500 h12=0.072850
seed=37 cond=FF epoch=042 loss=4.372783 h0=0.462200 h12=0.073800
seed=37 cond=FF epoch=043 loss=4.362224 h0=0.466250 h12=0.073150
seed=37 cond=FF epoch=044 loss=4.351888 h0=0.469350 h12=0.073700
seed=37 cond=FF epoch=045 loss=4.341618 h0=0.473300 h12=0.073650
seed=37 cond=FF epoch=046 loss=4.331986 h0=0.476400 h12=0.075250
seed=37 cond=FF epoch=047 loss=4.322489 h0=0.481300 h12=0.074000
seed=37 cond=FF epoch=048 loss=4.313041 h0=0.483200 h12=0.075000
seed=37 cond=FF epoch=049 loss=4.303714 h0=0.488650 h12=0.075200
seed=37 cond=FF epoch=050 loss=4.294375 h0=0.491650 h12=0.077450
seed=37 cond=FF epoch=051 loss=4.285535 h0=0.495500 h12=0.076550
seed=37 cond=FF epoch=052 loss=4.276479 h0=0.498150 h12=0.077700
seed=37 cond=FF epoch=053 loss=4.267754 h0=0.502950 h12=0.075700
seed=37 cond=FF epoch=054 loss=4.258773 h0=0.506250 h12=0.078550
seed=37 cond=FF epoch=055 loss=4.250092 h0=0.509950 h12=0.076500
seed=37 cond=FF epoch=056 loss=4.241339 h0=0.511950 h12=0.077100
seed=37 cond=FF epoch=057 loss=4.232674 h0=0.515850 h12=0.079050
seed=37 cond=FF epoch=058 loss=4.224137 h0=0.520400 h12=0.076800
seed=37 cond=FF epoch=059 loss=4.215521 h0=0.522950 h12=0.076650
seed=37 cond=FF epoch=060 loss=4.206955 h0=0.524400 h12=0.076950
seed=37 cond=FF epoch=061 loss=4.198340 h0=0.528150 h12=0.078850
seed=37 cond=FF epoch=062 loss=4.189798 h0=0.531600 h12=0.077950
seed=37 cond=FF epoch=063 loss=4.181352 h0=0.533900 h12=0.077300
seed=37 cond=FF epoch=064 loss=4.172843 h0=0.536850 h12=0.079200
seed=37 cond=FF epoch=065 loss=4.164205 h0=0.540100 h12=0.080300
seed=37 cond=FF epoch=066 loss=4.155934 h0=0.544250 h12=0.079050
seed=37 cond=FF epoch=067 loss=4.147383 h0=0.547900 h12=0.080350
seed=37 cond=FF epoch=068 loss=4.138695 h0=0.551200 h12=0.079300
seed=37 cond=FF epoch=069 loss=4.130349 h0=0.555500 h12=0.079000
seed=37 cond=FF epoch=070 loss=4.121793 h0=0.555200 h12=0.080150
seed=37 cond=FF epoch=071 loss=4.113304 h0=0.559950 h12=0.079600
seed=37 cond=FF epoch=072 loss=4.104724 h0=0.563050 h12=0.079500
seed=37 cond=FF epoch=073 loss=4.096271 h0=0.565850 h12=0.080900
seed=37 cond=FF epoch=074 loss=4.087761 h0=0.569800 h12=0.079350
seed=37 cond=FF epoch=075 loss=4.079403 h0=0.573700 h12=0.079750
seed=37 cond=FF epoch=076 loss=4.070945 h0=0.576950 h12=0.081550
seed=37 cond=FF epoch=077 loss=4.062562 h0=0.579000 h12=0.080050
seed=37 cond=FF epoch=078 loss=4.054330 h0=0.582850 h12=0.079500
seed=37 cond=FF epoch=079 loss=4.046111 h0=0.586300 h12=0.080050
seed=37 cond=FF epoch=080 loss=4.037864 h0=0.590350 h12=0.080550
seed=37 cond=FF epoch=081 loss=4.029725 h0=0.593100 h12=0.081050
seed=37 cond=FF epoch=082 loss=4.021596 h0=0.594300 h12=0.081850
seed=37 cond=FF epoch=083 loss=4.013665 h0=0.599950 h12=0.081700
seed=37 cond=FF epoch=084 loss=4.005698 h0=0.602300 h12=0.081450
seed=37 cond=FF epoch=085 loss=3.997840 h0=0.607000 h12=0.081800
seed=37 cond=FF epoch=086 loss=3.990166 h0=0.611250 h12=0.081000
seed=37 cond=FF epoch=087 loss=3.982375 h0=0.614250 h12=0.081650
seed=37 cond=FF epoch=088 loss=3.974873 h0=0.618050 h12=0.081600
seed=37 cond=FF epoch=089 loss=3.967237 h0=0.620600 h12=0.082400
seed=37 cond=FF epoch=090 loss=3.959897 h0=0.623850 h12=0.081850
seed=37 cond=FF epoch=091 loss=3.952529 h0=0.627100 h12=0.081250
seed=37 cond=FF epoch=092 loss=3.945324 h0=0.629750 h12=0.081850
seed=37 cond=FF epoch=093 loss=3.937921 h0=0.633750 h12=0.081500
seed=37 cond=FF epoch=094 loss=3.931005 h0=0.637000 h12=0.082400
seed=37 cond=FF epoch=095 loss=3.923971 h0=0.640850 h12=0.081850
seed=37 cond=FF epoch=096 loss=3.917019 h0=0.643500 h12=0.081600
seed=37 cond=FF epoch=097 loss=3.910199 h0=0.647200 h12=0.081500
seed=37 cond=FF epoch=098 loss=3.903488 h0=0.649350 h12=0.081700
seed=37 cond=FF epoch=099 loss=3.896649 h0=0.651450 h12=0.082300
seed=37 cond=FF epoch=100 loss=3.890096 h0=0.655100 h12=0.082100
seed=37 cond=EF epoch=001 loss=5.544879 h0=0.071800 h12=0.063050
seed=37 cond=EF epoch=002 loss=5.543886 h0=0.077000 h12=0.063400
seed=37 cond=EF epoch=003 loss=5.543135 h0=0.076100 h12=0.061700
seed=37 cond=EF epoch=004 loss=5.542409 h0=0.080750 h12=0.064000
seed=37 cond=EF epoch=005 loss=5.541719 h0=0.082550 h12=0.063300
seed=37 cond=EF epoch=006 loss=5.541063 h0=0.085900 h12=0.063900
seed=37 cond=EF epoch=007 loss=5.540339 h0=0.089400 h12=0.064000
seed=37 cond=EF epoch=008 loss=5.539757 h0=0.091850 h12=0.063750
seed=37 cond=EF epoch=009 loss=5.539029 h0=0.093000 h12=0.063750
seed=37 cond=EF epoch=010 loss=5.538383 h0=0.094850 h12=0.063000
seed=37 cond=EF epoch=011 loss=5.537760 h0=0.098450 h12=0.064150
seed=37 cond=EF epoch=012 loss=5.537236 h0=0.099300 h12=0.063150
seed=37 cond=EF epoch=013 loss=5.536528 h0=0.101700 h12=0.062750
seed=37 cond=EF epoch=014 loss=5.535974 h0=0.104350 h12=0.063750
seed=37 cond=EF epoch=015 loss=5.535377 h0=0.108400 h12=0.063050
seed=37 cond=EF epoch=016 loss=5.534722 h0=0.110250 h12=0.063350
seed=37 cond=EF epoch=017 loss=5.534148 h0=0.111450 h12=0.063750
seed=37 cond=EF epoch=018 loss=5.533473 h0=0.113700 h12=0.063750
seed=37 cond=EF epoch=019 loss=5.532794 h0=0.113650 h12=0.063400
seed=37 cond=EF epoch=020 loss=5.532288 h0=0.114450 h12=0.064300
seed=37 cond=EF epoch=021 loss=5.531636 h0=0.116150 h12=0.063650
seed=37 cond=EF epoch=022 loss=5.531095 h0=0.116350 h12=0.064400
seed=37 cond=EF epoch=023 loss=5.530529 h0=0.118750 h12=0.063300
seed=37 cond=EF epoch=024 loss=5.529969 h0=0.120050 h12=0.064400
seed=37 cond=EF epoch=025 loss=5.525632 h0=0.120250 h12=0.082400
seed=37 cond=EF epoch=026 loss=5.484932 h0=0.122200 h12=0.101300
seed=37 cond=EF epoch=027 loss=5.459567 h0=0.123600 h12=0.103450
seed=37 cond=EF epoch=028 loss=5.451211 h0=0.124350 h12=0.104000
seed=37 cond=EF epoch=029 loss=5.446973 h0=0.124850 h12=0.103600
seed=37 cond=EF epoch=030 loss=5.445277 h0=0.124950 h12=0.106350
seed=37 cond=EF epoch=031 loss=5.443366 h0=0.125450 h12=0.108800
seed=37 cond=EF epoch=032 loss=5.442667 h0=0.125850 h12=0.106900
seed=37 cond=EF epoch=033 loss=5.440783 h0=0.124900 h12=0.107550
seed=37 cond=EF epoch=034 loss=5.438999 h0=0.124950 h12=0.108000
seed=37 cond=EF epoch=035 loss=5.438399 h0=0.126400 h12=0.108500
seed=37 cond=EF epoch=036 loss=5.436823 h0=0.127150 h12=0.107850
seed=37 cond=EF epoch=037 loss=5.435704 h0=0.128200 h12=0.108350
seed=37 cond=EF epoch=038 loss=5.435448 h0=0.129900 h12=0.108450
seed=37 cond=EF epoch=039 loss=5.433666 h0=0.130600 h12=0.108450
seed=37 cond=EF epoch=040 loss=5.432429 h0=0.130700 h12=0.107750
seed=37 cond=EF epoch=041 loss=5.431130 h0=0.129700 h12=0.112250
seed=37 cond=EF epoch=042 loss=5.427061 h0=0.129600 h12=0.124000
seed=37 cond=EF epoch=043 loss=5.412384 h0=0.129200 h12=0.129250
seed=37 cond=EF epoch=044 loss=5.401930 h0=0.129650 h12=0.131700
seed=37 cond=EF epoch=045 loss=5.398042 h0=0.131300 h12=0.129850
seed=37 cond=EF epoch=046 loss=5.395846 h0=0.130750 h12=0.131850
seed=37 cond=EF epoch=047 loss=5.393764 h0=0.132500 h12=0.131900
seed=37 cond=EF epoch=048 loss=5.392537 h0=0.132700 h12=0.130400
seed=37 cond=EF epoch=049 loss=5.391530 h0=0.133350 h12=0.131450
seed=37 cond=EF epoch=050 loss=5.391121 h0=0.132850 h12=0.132100
seed=37 cond=EF epoch=051 loss=5.389378 h0=0.133400 h12=0.130400
seed=37 cond=EF epoch=052 loss=5.388617 h0=0.133400 h12=0.132650
seed=37 cond=EF epoch=053 loss=5.386153 h0=0.132650 h12=0.130000
seed=37 cond=EF epoch=054 loss=5.386313 h0=0.133700 h12=0.132800
seed=37 cond=EF epoch=055 loss=5.384954 h0=0.132850 h12=0.131950
seed=37 cond=EF epoch=056 loss=5.383960 h0=0.132450 h12=0.131200
seed=37 cond=EF epoch=057 loss=5.382015 h0=0.133150 h12=0.131750
seed=37 cond=EF epoch=058 loss=5.383148 h0=0.134400 h12=0.133200
seed=37 cond=EF epoch=059 loss=5.381445 h0=0.134350 h12=0.132600
seed=37 cond=EF epoch=060 loss=5.381702 h0=0.134600 h12=0.133400
seed=37 cond=EF epoch=061 loss=5.380468 h0=0.135250 h12=0.133250
seed=37 cond=EF epoch=062 loss=5.379211 h0=0.134950 h12=0.131650
seed=37 cond=EF epoch=063 loss=5.378160 h0=0.135250 h12=0.132900
seed=37 cond=EF epoch=064 loss=5.377832 h0=0.136350 h12=0.133700
seed=37 cond=EF epoch=065 loss=5.376700 h0=0.135450 h12=0.134300
seed=37 cond=EF epoch=066 loss=5.376534 h0=0.136750 h12=0.133350
seed=37 cond=EF epoch=067 loss=5.375347 h0=0.137300 h12=0.133750
seed=37 cond=EF epoch=068 loss=5.374323 h0=0.137500 h12=0.132350
seed=37 cond=EF epoch=069 loss=5.375133 h0=0.137600 h12=0.133550
seed=37 cond=EF epoch=070 loss=5.375055 h0=0.136900 h12=0.135000
seed=37 cond=EF epoch=071 loss=5.373442 h0=0.136800 h12=0.134650
seed=37 cond=EF epoch=072 loss=5.372838 h0=0.137950 h12=0.134050
seed=37 cond=EF epoch=073 loss=5.371607 h0=0.137800 h12=0.133500
seed=37 cond=EF epoch=074 loss=5.370753 h0=0.138500 h12=0.134350
seed=37 cond=EF epoch=075 loss=5.370574 h0=0.138650 h12=0.133450
seed=37 cond=EF epoch=076 loss=5.372465 h0=0.138650 h12=0.133650
seed=37 cond=EF epoch=077 loss=5.369045 h0=0.138400 h12=0.135450
seed=37 cond=EF epoch=078 loss=5.369127 h0=0.139900 h12=0.133550
seed=37 cond=EF epoch=079 loss=5.369197 h0=0.140000 h12=0.133550
seed=37 cond=EF epoch=080 loss=5.369127 h0=0.139600 h12=0.135100
seed=37 cond=EF epoch=081 loss=5.367953 h0=0.139900 h12=0.135150
seed=37 cond=EF epoch=082 loss=5.367509 h0=0.138350 h12=0.134950
seed=37 cond=EF epoch=083 loss=5.367889 h0=0.139150 h12=0.134600
seed=37 cond=EF epoch=084 loss=5.367201 h0=0.139350 h12=0.133100
seed=37 cond=EF epoch=085 loss=5.366798 h0=0.140850 h12=0.133100
seed=37 cond=EF epoch=086 loss=5.366173 h0=0.140600 h12=0.134350
seed=37 cond=EF epoch=087 loss=5.365755 h0=0.141350 h12=0.136000
seed=37 cond=EF epoch=088 loss=5.364910 h0=0.140700 h12=0.136400
seed=37 cond=EF epoch=089 loss=5.364117 h0=0.140450 h12=0.133550
seed=37 cond=EF epoch=090 loss=5.363691 h0=0.141200 h12=0.133050
seed=37 cond=EF epoch=091 loss=5.363644 h0=0.141700 h12=0.134950
seed=37 cond=EF epoch=092 loss=5.362924 h0=0.141700 h12=0.133700
seed=37 cond=EF epoch=093 loss=5.362728 h0=0.142200 h12=0.132850
seed=37 cond=EF epoch=094 loss=5.362525 h0=0.141850 h12=0.134650
seed=37 cond=EF epoch=095 loss=5.361402 h0=0.141600 h12=0.134750
seed=37 cond=EF epoch=096 loss=5.361672 h0=0.141700 h12=0.134000
seed=37 cond=EF epoch=097 loss=5.360678 h0=0.142350 h12=0.132050
seed=37 cond=EF epoch=098 loss=5.360980 h0=0.142600 h12=0.135150
seed=37 cond=EF epoch=099 loss=5.361168 h0=0.142250 h12=0.132500
seed=37 cond=EF epoch=100 loss=5.360749 h0=0.142050 h12=0.132400
